Component: ARM Compiler 5.06 update 6 (build 750) Tool: armlink [4d35ed]

==============================================================================

Section Cross References

    arch_main.o(i.Stack_Integrity_Check) refers to uart.o(i.uart_putchar) for uart_putchar
    arch_main.o(i.Stack_Integrity_Check) refers to boot_handlers.o(SYS_BOOT) for boot_stack_base_UNUSED
    arch_main.o(i.assert_err) refers to uart.o(i.uart_printf) for uart_printf
    arch_main.o(i.assert_err) refers to arch_main.o(.constdata) for .constdata
    arch_main.o(i.assert_param) refers to uart.o(i.uart_printf) for uart_printf
    arch_main.o(i.assert_param) refers to arch_main.o(.constdata) for .constdata
    arch_main.o(i.assert_warn) refers to uart.o(i.uart_printf) for uart_printf
    arch_main.o(i.assert_warn) refers to arch_main.o(.constdata) for .constdata
    arch_main.o(i.bdaddr_env_init) refers to tuya_ble_main.o(.bss) for tuya_ble_current_para
    arch_main.o(i.dump_data) refers to uart.o(i.uart_printf) for uart_printf
    arch_main.o(i.dump_data) refers to arch_main.o(.constdata) for .constdata
    arch_main.o(i.platform_reset) refers to uart.o(i.uart_printf) for uart_printf
    arch_main.o(i.platform_reset) refers to uart.o(i.uart_finish_transfers) for uart_finish_transfers
    arch_main.o(i.platform_reset) refers to wdt.o(i.wdt_enable) for wdt_enable
    arch_main.o(i.rom_env_init) refers to prf.o(i.prf_get_id_from_task) for prf_get_id_from_task
    arch_main.o(i.rom_env_init) refers to prf.o(i.prf_get_task_from_id) for prf_get_task_from_id
    arch_main.o(i.rom_env_init) refers to prf.o(i.prf_init) for prf_init
    arch_main.o(i.rom_env_init) refers to prf.o(i.prf_create) for prf_create
    arch_main.o(i.rom_env_init) refers to prf.o(i.prf_cleanup) for prf_cleanup
    arch_main.o(i.rom_env_init) refers to prf.o(i.prf_add_profile) for prf_add_profile
    arch_main.o(i.rom_env_init) refers to rwble_hl.o(i.rwble_hl_reset) for rwble_hl_reset
    arch_main.o(i.rom_env_init) refers to rwip.o(i.rwip_reset) for rwip_reset
    arch_main.o(i.rom_env_init) refers to arch_main.o(i.platform_reset) for platform_reset
    arch_main.o(i.rom_env_init) refers to arch_main.o(i.assert_err) for assert_err
    arch_main.o(i.rom_env_init) refers to arch_main.o(i.assert_param) for assert_param
    arch_main.o(i.rom_env_init) refers to uart.o(i.Read_Uart_Buf) for Read_Uart_Buf
    arch_main.o(i.rom_env_init) refers to uart.o(i.uart_clear_rxfifo) for uart_clear_rxfifo
    arch_main.o(i.rw_main) refers to icu.o(i.icu_init) for icu_init
    arch_main.o(i.rw_main) refers to icu.o(i.system_sleep_init) for system_sleep_init
    arch_main.o(i.rw_main) refers to emi.o(i.emi_init) for emi_init
    arch_main.o(i.rw_main) refers to timer.o(i.timer_init) for timer_init
    arch_main.o(i.rw_main) refers to arch_main.o(i.rwip_eif_api_init) for rwip_eif_api_init
    arch_main.o(i.rw_main) refers to intc.o(i.intc_init) for intc_init
    arch_main.o(i.rw_main) refers to uart.o(i.uart_init) for uart_init
    arch_main.o(i.rw_main) refers to uart2.o(i.uart2_init) for uart2_init
    arch_main.o(i.rw_main) refers to flash.o(i.flash_init) for flash_init
    arch_main.o(i.rw_main) refers to arch_main.o(i.rom_env_init) for rom_env_init
    arch_main.o(i.rw_main) refers to rwip.o(i.rwip_init) for rwip_init
    arch_main.o(i.rw_main) refers to arch_main.o(i.bdaddr_env_init) for bdaddr_env_init
    arch_main.o(i.rw_main) refers to uart.o(i.uart_printf) for uart_printf
    arch_main.o(i.rw_main) refers to rwip.o(i.rwip_schedule) for rwip_schedule
    arch_main.o(i.rw_main) refers to wdt.o(i.wdt_disable) for wdt_disable
    arch_main.o(i.rw_main) refers to arch_main.o(i.Stack_Integrity_Check) for Stack_Integrity_Check
    arch_main.o(i.rw_main) refers to wdt.o(.data) for wdt_disable_flag
    arch_main.o(i.rwip_eif_api_init) refers to uart.o(i.uart_read) for uart_read
    arch_main.o(i.rwip_eif_api_init) refers to arch_main.o(.bss) for .bss
    arch_main.o(i.rwip_eif_api_init) refers to uart.o(i.uart_write) for uart_write
    arch_main.o(i.rwip_eif_api_init) refers to uart.o(i.uart_flow_on) for uart_flow_on
    arch_main.o(i.rwip_eif_api_init) refers to uart.o(i.uart_flow_off) for uart_flow_off
    arch_main.o(i.rwip_eif_get) refers to arch_main.o(.bss) for .bss
    arch_main.o(i.user_timer_cb) refers to gpio.o(i.gpio_triger) for gpio_triger
    arch_main.o(i.user_timer_init) refers to icu.o(i.icu_set_sleep_mode) for icu_set_sleep_mode
    arch_main.o(i.user_timer_init) refers to rwip.o(i.rwip_prevent_sleep_set) for rwip_prevent_sleep_set
    arch_main.o(i.user_timer_init) refers to pwm.o(i.pwm_init) for pwm_init
    arch_main.o(i.user_timer_init) refers to arch_main.o(i.user_timer_cb) for user_timer_cb
    boot_handlers.o(SYS_BOOT) refers to arch_main.o(i.rw_main) for rw_main
    boot_vectors.o(SYS_BOOT) refers to boot_handlers.o(SYS_BOOT) for sys_Reset
    boot_vectors.o(SYS_BOOT) refers to intc.o(sys_irq_entry) for SYSirq_IRQ_Handler
[...]
    __aeabi_memcpy4                          0x00010d51   Thumb Code     0  stack_rom_symbol.txt ABSOLUTE
    __aeabi_memcpy8                          0x00010d51   Thumb Code     0  stack_rom_symbol.txt ABSOLUTE
    __aeabi_memset                           0x00010d75   Thumb Code     0  stack_rom_symbol.txt ABSOLUTE
    __aeabi_memset4                          0x00010d75   Thumb Code     0  stack_rom_symbol.txt ABSOLUTE
    __aeabi_memset8                          0x00010d75   Thumb Code     0  stack_rom_symbol.txt ABSOLUTE
    __aeabi_memclr                           0x00010d85   Thumb Code     0  stack_rom_symbol.txt ABSOLUTE
    __aeabi_memclr4                          0x00010d85   Thumb Code     0  stack_rom_symbol.txt ABSOLUTE
    __aeabi_memclr8                          0x00010d85   Thumb Code     0  stack_rom_symbol.txt ABSOLUTE
    _memset$wrapper                          0x00010d89   Thumb Code     0  stack_rom_symbol.txt ABSOLUTE
    memcmp                                   0x00010d9b   Thumb Code     0  stack_rom_symbol.txt ABSOLUTE
    __ARM_clz                                0x00010db4   ARM Code       0  stack_rom_symbol.txt ABSOLUTE
    __ARM_common_disable_fiq                 0x00010dbc   ARM Code       0  stack_rom_symbol.txt ABSOLUTE
    __ARM_common_disable_irq                 0x00010dd0   ARM Code       0  stack_rom_symbol.txt ABSOLUTE
    __ARM_common_enable_fiq                  0x00010de4   ARM Code       0  stack_rom_symbol.txt ABSOLUTE
    __ARM_common_enable_irq                  0x00010df4   ARM Code       0  stack_rom_symbol.txt ABSOLUTE
    one_bits                                 0x00010e20   Data           0  stack_rom_symbol.txt ABSOLUTE
    co_sca2ppm                               0x00010e30   Data           0  stack_rom_symbol.txt ABSOLUTE
    co_null_bdaddr                           0x00010e40   Data           0  stack_rom_symbol.txt ABSOLUTE
    llc_default_handler                      0x00010ff8   Data           0  stack_rom_symbol.txt ABSOLUTE
    rwip_coex_cfg                            0x00011010   Data           0  stack_rom_symbol.txt ABSOLUTE
    rwip_priority                            0x00011015   Data           0  stack_rom_symbol.txt ABSOLUTE
    lld_pdu_adv_pk_desc_tab                  0x00011024   Data           0  stack_rom_symbol.txt ABSOLUTE
    lld_pdu_llcp_pk_desc_tab                 0x00011078   Data           0  stack_rom_symbol.txt ABSOLUTE
    llm_local_data_len_values                0x00011186   Data           0  stack_rom_symbol.txt ABSOLUTE
    llm_local_cmds                           0x000111a4   Data           0  stack_rom_symbol.txt ABSOLUTE
    llm_local_le_feats                       0x000111e4   Data           0  stack_rom_symbol.txt ABSOLUTE
    llm_local_le_states                      0x000111ec   Data           0  stack_rom_symbol.txt ABSOLUTE
    llm_default_handler                      0x000112c4   Data           0  stack_rom_symbol.txt ABSOLUTE
    LLM_AA_CT1                               0x000112cc   Data           0  stack_rom_symbol.txt ABSOLUTE
    LLM_AA_CT2                               0x000112cf   Data           0  stack_rom_symbol.txt ABSOLUTE
    gapc_sig_handlers                        0x0001138c   Data           0  stack_rom_symbol.txt ABSOLUTE
    gapc_default_state                       0x000113a4   Data           0  stack_rom_symbol.txt ABSOLUTE
    gapc_default_handler                     0x00011454   Data           0  stack_rom_symbol.txt ABSOLUTE
    gapm_default_state                       0x00011554   Data           0  stack_rom_symbol.txt ABSOLUTE
    gapm_default_handler                     0x000115dc   Data           0  stack_rom_symbol.txt ABSOLUTE
    atts_handlers                            0x00011608   Data           0  stack_rom_symbol.txt ABSOLUTE
    gattc_default_state                      0x00011680   Data           0  stack_rom_symbol.txt ABSOLUTE
    gattc_default_handler                    0x000116f0   Data           0  stack_rom_symbol.txt ABSOLUTE
    gattm_default_state                      0x0001172c   Data           0  stack_rom_symbol.txt ABSOLUTE
    gattm_default_handler                    0x00011734   Data           0  stack_rom_symbol.txt ABSOLUTE
    l2cc_sig_handlers                        0x00011860   Data           0  stack_rom_symbol.txt ABSOLUTE
    l2cc_default_state                       0x00011878   Data           0  stack_rom_symbol.txt ABSOLUTE
    l2cc_default_handler                     0x000118b0   Data           0  stack_rom_symbol.txt ABSOLUTE
    hci_cmd_desc_tab_lk_ctrl                 0x000118c8   Data           0  stack_rom_symbol.txt ABSOLUTE
    hci_cmd_desc_tab_ctrl_bb                 0x000118d4   Data           0  stack_rom_symbol.txt ABSOLUTE
    hci_cmd_desc_tab_info_par                0x000118fc   Data           0  stack_rom_symbol.txt ABSOLUTE
    hci_cmd_desc_tab_stat_par                0x00011910   Data           0  stack_rom_symbol.txt ABSOLUTE
    hci_cmd_desc_tab_le                      0x00011914   Data           0  stack_rom_symbol.txt ABSOLUTE
    hci_cmd_desc_tab_vs                      0x000119cc   Data           0  stack_rom_symbol.txt ABSOLUTE
    hci_cmd_desc_root_tab                    0x000119d8   Data           0  stack_rom_symbol.txt ABSOLUTE
    hci_evt_desc_tab                         0x00011a08   Data           0  stack_rom_symbol.txt ABSOLUTE
    hci_evt_le_desc_tab                      0x00011a1a   Data           0  stack_rom_symbol.txt ABSOLUTE
    boot_stack_base_UNUSED                   0x00012884   Data           4  boot_handlers.o(SYS_BOOT)
    boot_stack_len_UNUSED                    0x00012888   Data           4  boot_handlers.o(SYS_BOOT)
    boot_stack_base_IRQ                      0x0001288c   Data           4  boot_handlers.o(SYS_BOOT)
    boot_stack_len_IRQ                       0x00012890   Data           4  boot_handlers.o(SYS_BOOT)
    boot_stack_base_SVC                      0x00012894   Data           4  boot_handlers.o(SYS_BOOT)
    boot_stack_len_SVC                       0x00012898   Data           4  boot_handlers.o(SYS_BOOT)
    boot_stack_base_FIQ                      0x0001289c   Data           4  boot_handlers.o(SYS_BOOT)
    boot_stack_len_FIQ                       0x000128a0   Data           4  boot_handlers.o(SYS_BOOT)
    sys_Reset                                0x000128a4   ARM Code       0  boot_handlers.o(SYS_BOOT)
    Long ARM to Thumb Veneer to Undefined_Exception 0x00012a70   ARM Code       8  anon$$obj.o(Veneer$$Code)
    Long ARM to Thumb Veneer to SoftwareInterrupt_Exception 0x00012a78   ARM Code       8  anon$$obj.o(Veneer$$Code)
    Long ARM to Thumb Veneer to PrefetchAbort_Exception 0x00012a80   ARM Code       8  anon$$obj.o(Veneer$$Code)
    Long ARM to Thumb Veneer to DataAbort_Exception 0x00012a88   ARM Code       8  anon$$obj.o(Veneer$$Code)
    Long ARM to Thumb Veneer to Reserved_Exception 0x00012a90   ARM Code       8  anon$$obj.o(Veneer$$Code)
    SYSirq_FIQ_Handler                       0x00012b20   ARM Code      16  intc.o(sys_fiq_entry)
    SYSirq_IRQ_Handler                       0x00012b40   ARM Code      16  intc.o(sys_irq_entry)
    __aeabi_uldivmod                         0x00012b51   Thumb Code    96  uldiv.o(.text)
    strlen                                   0x00012bb1   Thumb Code    14  strlen.o(.text)
    atoll                                    0x00012bbf   Thumb Code    26  atoll.o(.text)
    __aeabi_llsl                             0x00012bd9   Thumb Code    32  llshl.o(.text)
    _ll_shift_l                              0x00012bd9   Thumb Code     0  llshl.o(.text)
    __aeabi_llsr                             0x00012bf9   Thumb Code    34  llushr.o(.text)
    _ll_ushift_r                             0x00012bf9   Thumb Code     0  llushr.o(.text)
    __strtoll                                0x00012c1b   Thumb Code   138  __strtoll.o(.text)
    __I$use$fp                               0x00012ca4   ARM Code       0  iusefp.o(.text)
    __aeabi_dadd                             0x00012ca5   Thumb Code   328  dadd.o(.text)
    __aeabi_dsub                             0x00012ded   Thumb Code    12  dadd.o(.text)
    __aeabi_drsub                            0x00012df9   Thumb Code    12  dadd.o(.text)
    __aeabi_dmul                             0x00012e09   Thumb Code   202  dmul.o(.text)
    __aeabi_ddiv                             0x00012ed9   Thumb Code   234  ddiv.o(.text)
    __aeabi_d2ulz                            0x00012fc9   Thumb Code    54  dfixul.o(.text)
    __aeabi_cdrcmple                         0x00013009   Thumb Code    38  cdrcmple.o(.text)
    __aeabi_lasr                             0x00013031   Thumb Code    38  llsshr.o(.text)
    _ll_sshift_r                             0x00013031   Thumb Code     0  llsshr.o(.text)
    __rt_ctype_table                         0x00013059   Thumb Code     4  ctype_o.o(.text)
    _strtoull                                0x00013061   Thumb Code   216  _strtoull.o(.text)
    _double_round                            0x00013139   Thumb Code    26  depilogue.o(.text)
    _double_epilogue                         0x00013153   Thumb Code   164  depilogue.o(.text)
    __aeabi_lmul                             0x000131f7   Thumb Code   126  llmul.o(.text)
    _ll_mul                                  0x000131f7   Thumb Code     0  llmul.o(.text)
    _chval                                   0x00013275   Thumb Code    30  _chval.o(.text)
    AES128_CBC_decrypt_buffer                0x00013295   Thumb Code   122  tuya_ble_aes.o(i.AES128_CBC_decrypt_buffer)
    AES128_CBC_encrypt_buffer                0x00013315   Thumb Code   122  tuya_ble_aes.o(i.AES128_CBC_encrypt_buffer)
    AES128_ECB_encrypt                       0x00013395   Thumb Code    28  tuya_ble_aes.o(i.AES128_ECB_encrypt)
    Delay_ms                                 0x0001343d   Thumb Code    26  rf_xvr.o(i.Delay_ms)
    FIQ_Exception                            0x0001345d   Thumb Code    26  intc.o(i.FIQ_Exception)
    IRQ_Exception                            0x0001347d   Thumb Code   148  intc.o(i.IRQ_Exception)
    Read_Uart_Buf                            0x00013ac9   Thumb Code    14  uart.o(i.Read_Uart_Buf)
    __0sprintf                               0x00013ca5   Thumb Code    36  printfa.o(i.__0sprintf)
    __1sprintf                               0x00013ca5   Thumb Code     0  printfa.o(i.__0sprintf)
    __2sprintf                               0x00013ca5   Thumb Code     0  printfa.o(i.__0sprintf)
    __c89sprintf                             0x00013ca5   Thumb Code     0  printfa.o(i.__0sprintf)
    sprintf                                  0x00013ca5   Thumb Code     0  printfa.o(i.__0sprintf)
    __0vsprintf                              0x00013ccd   Thumb Code    30  printfa.o(i.__0vsprintf)
    __1vsprintf                              0x00013ccd   Thumb Code     0  printfa.o(i.__0vsprintf)
    __2vsprintf                              0x00013ccd   Thumb Code     0  printfa.o(i.__0vsprintf)
    __c89vsprintf                            0x00013ccd   Thumb Code     0  printfa.o(i.__0vsprintf)
    vsprintf                                 0x00013ccd   Thumb Code     0  printfa.o(i.__0vsprintf)
    __ARM_common_switch8                     0x00013cf0   ARM Code      24  app_tuya.o(i.__ARM_common_switch8)
    __aeabi_errno_addr                       0x00013d09   Thumb Code     4  errno.o(i.__aeabi_errno_addr)
    __rt_errno_addr                          0x00013d09   Thumb Code     0  errno.o(i.__aeabi_errno_addr)
    app_tuya_add_service                     0x000145d1   Thumb Code    42  app_tuya_service.o(i.app_tuya_add_service)
    app_tuya_init                            0x00014617   Thumb Code    12  app_tuya.o(i.app_tuya_init)
    app_tuya_send_data                       0x0001464d   Thumb Code    46  app_tuya_service.o(i.app_tuya_send_data)
    app_tuya_service_init                    0x00014681   Thumb Code    10  app_tuya_service.o(i.app_tuya_service_init)
    appm_add_svc                             0x000146e5   Thumb Code    30  app.o(i.appm_add_svc)
    appm_disconnect                          0x0001470d   Thumb Code    34  app.o(i.appm_disconnect)
    appm_get_dev_name                        0x00014739   Thumb Code    16  app.o(i.appm_get_dev_name)
    appm_init                                0x0001474d   Thumb Code    68  app.o(i.appm_init)
    appm_start_advertising                   0x000147f1   Thumb Code   126  app.o(i.appm_start_advertising)
    appm_update_adv_data                     0x0001489d   Thumb Code    84  app.o(i.appm_update_adv_data)
    appm_update_param                        0x000148f5   Thumb Code    66  app.o(i.appm_update_param)
    assert_err                               0x00014981   Thumb Code    18  arch_main.o(i.assert_err)
    assert_param                             0x000149bd   Thumb Code    20  arch_main.o(i.assert_param)
    bdaddr_env_init                          0x00014a09   Thumb Code    84  arch_main.o(i.bdaddr_env_init)
    data_2_klvlist                           0x00014b3d   Thumb Code   212  tuya_ble_mutli_tsf_protocol.o(i.data_2_klvlist)
    emi_init                                 0x00014c11   Thumb Code    20  emi.o(i.emi_init)
    flash_erase_sector                       0x00014cb1   Thumb Code    48  flash.o(i.flash_erase_sector)
    flash_init                               0x00014ce5   Thumb Code    24  flash.o(i.flash_init)
    flash_read                               0x00014d01   Thumb Code   102  flash.o(i.flash_read)
    flash_readword                           0x00014d6d   Thumb Code    50  flash.o(i.flash_readword)
    flash_write                              0x00014dd5   Thumb Code   110  flash.o(i.flash_write)
    flash_writeword                          0x00014e61   Thumb Code    50  flash.o(i.flash_writeword)
    free_klv_list                            0x00014e99   Thumb Code    28  tuya_ble_mutli_tsf_protocol.o(i.free_klv_list)
    get_trsmitr_frame_total_len              0x00015641   Thumb Code     4  tuya_ble_mutli_tsf_protocol.o(i.get_trsmitr_frame_total_len)
    get_trsmitr_subpkg                       0x00015645   Thumb Code     4  tuya_ble_mutli_tsf_protocol.o(i.get_trsmitr_subpkg)
    get_trsmitr_subpkg_len                   0x00015649   Thumb Code     4  tuya_ble_mutli_tsf_protocol.o(i.get_trsmitr_subpkg_len)
    gpio_isr                                 0x0001564d   Thumb Code    40  gpio.o(i.gpio_isr)
    icu_init                                 0x00015685   Thumb Code    68  icu.o(i.icu_init)
    initial_xver_BK3432_openLoop             0x000156d5   Thumb Code   312  rf_xvr.o(i.initial_xver_BK3432_openLoop)
    intc_init                                0x000158c1   Thumb Code    28  intc.o(i.intc_init)
    kmod_calibration                         0x000158e1   Thumb Code   290  rf_xvr.o(i.kmod_calibration)
    mbedtls_internal_md5_process             0x00015a11   Thumb Code  2040  tuya_ble_md5.o(i.mbedtls_internal_md5_process)
    mbedtls_md5_finish                       0x00016259   Thumb Code     8  tuya_ble_md5.o(i.mbedtls_md5_finish)
    mbedtls_md5_finish_ret                   0x00016261   Thumb Code   222  tuya_ble_md5.o(i.mbedtls_md5_finish_ret)
    mbedtls_md5_free                         0x0001633f   Thumb Code    14  tuya_ble_md5.o(i.mbedtls_md5_free)
    mbedtls_md5_init                         0x0001634d   Thumb Code    10  tuya_ble_md5.o(i.mbedtls_md5_init)
    mbedtls_md5_starts                       0x00016357   Thumb Code     8  tuya_ble_md5.o(i.mbedtls_md5_starts)
    mbedtls_md5_starts_ret                   0x00016361   Thumb Code    30  tuya_ble_md5.o(i.mbedtls_md5_starts_ret)
    mbedtls_md5_update                       0x00016389   Thumb Code     8  tuya_ble_md5.o(i.mbedtls_md5_update)
    mbedtls_md5_update_ret                   0x00016391   Thumb Code   124  tuya_ble_md5.o(i.mbedtls_md5_update_ret)
    platform_reset                           0x0001640d   Thumb Code    46  arch_main.o(i.platform_reset)
    prf_add_profile                          0x00016455   Thumb Code   130  prf.o(i.prf_add_profile)
    prf_cleanup                              0x000164dd   Thumb Code    48  prf.o(i.prf_cleanup)
    prf_create                               0x00016511   Thumb Code    44  prf.o(i.prf_create)
    prf_dst_task_get                         0x00016541   Thumb Code    16  prf.o(i.prf_dst_task_get)
    prf_env_get                              0x00016551   Thumb Code    44  prf.o(i.prf_env_get)
    prf_get_id_from_task                     0x00016581   Thumb Code    52  prf.o(i.prf_get_id_from_task)
    prf_get_task_from_id                     0x000165b9   Thumb Code    52  prf.o(i.prf_get_task_from_id)
    prf_init                                 0x000165f1   Thumb Code   112  prf.o(i.prf_init)
    prf_src_task_get                         0x00016679   Thumb Code    16  prf.o(i.prf_src_task_get)
    pwm_isr                                  0x00016689   Thumb Code    52  pwm.o(i.pwm_isr)
    rf_init                                  0x000166d9   Thumb Code    42  rf_xvr.o(i.rf_init)
    rom_env_init                             0x00016749   Thumb Code    66  arch_main.o(i.rom_env_init)
    Inline ARM to Thumb Veneer to rw_main    0x000167c4   ARM Code       8  arch_main.o(i.rw_main)
    rw_main                                  0x000167cd   Thumb Code   150  arch_main.o(i.rw_main)
    rwble_hl_init                            0x0001687d   Thumb Code    28  rwble_hl.o(i.rwble_hl_init)
    rwble_hl_reset                           0x00016899   Thumb Code    28  rwble_hl.o(i.rwble_hl_reset)
    rwble_init                               0x000168b5   Thumb Code    28  rwble.o(i.rwble_init)
    rwble_isr                                0x000168d1   Thumb Code   144  rwble.o(i.rwble_isr)
    rwble_reset                              0x00016965   Thumb Code    86  rwble.o(i.rwble_reset)
    rwip_eif_api_init                        0x000169bd   Thumb Code    20  arch_main.o(i.rwip_eif_api_init)
    rwip_init                                0x000169e5   Thumb Code    84  rwip.o(i.rwip_init)
    rwip_reset                               0x00016a4d   Thumb Code    56  rwip.o(i.rwip_reset)
    rwip_schedule                            0x00016a89   Thumb Code     8  rwip.o(i.rwip_schedule)
    system_sleep_init                        0x00016ab5   Thumb Code     8  icu.o(i.system_sleep_init)
    timer_init                               0x00016ac1   Thumb Code     2  timer.o(i.timer_init)
    trsmitr_init                             0x00016ac3   Thumb Code    10  tuya_ble_mutli_tsf_protocol.o(i.trsmitr_init)
    trsmitr_recv_pkg_decode                  0x00016acd   Thumb Code   268  tuya_ble_mutli_tsf_protocol.o(i.trsmitr_recv_pkg_decode)
    trsmitr_send_pkg_encode                  0x00016bd9   Thumb Code   248  tuya_ble_mutli_tsf_protocol.o(i.trsmitr_send_pkg_encode)
    tuya_ble_adv_change                      0x00016d41   Thumb Code   262  tuya_ble_main.o(i.tuya_ble_adv_change)
    tuya_ble_air_recv_packet_free            0x00016f0d   Thumb Code    24  tuya_ble_data_handler.o(i.tuya_ble_air_recv_packet_free)
    tuya_ble_app_production_test_process     0x00016f71   Thumb Code   274  tuya_ble_app_production_test.o(i.tuya_ble_app_production_test_process)
    tuya_ble_buffer_value_is_all_x           0x00017629   Thumb Code    32  tuya_ble_utils.o(i.tuya_ble_buffer_value_is_all_x)
    tuya_ble_callback_queue_register         0x00017649   Thumb Code    40  tuya_ble_api.o(i.tuya_ble_callback_queue_register)
    tuya_ble_cb_event_send                   0x00017679   Thumb Code    26  tuya_ble_main.o(i.tuya_ble_cb_event_send)
    tuya_ble_check_sum                       0x00017699   Thumb Code    24  tuya_ble_utils.o(i.tuya_ble_check_sum)
    tuya_ble_commData_send                   0x000176b1   Thumb Code   454  tuya_ble_data_handler.o(i.tuya_ble_commData_send)
    tuya_ble_commonData_rx_proc              0x00017885   Thumb Code   356  tuya_ble_data_handler.o(i.tuya_ble_commonData_rx_proc)
    tuya_ble_common_uart_init                0x00017aed   Thumb Code     4  tuya_ble_port.o(i.tuya_ble_common_uart_init)
    tuya_ble_common_uart_receive_data        0x00017af1   Thumb Code   130  tuya_ble_api.o(i.tuya_ble_common_uart_receive_data)
    tuya_ble_common_uart_send_data           0x00017b7d   Thumb Code    10  tuya_ble_port.o(i.tuya_ble_common_uart_send_data)
    tuya_ble_connect_monitor_timer_init      0x00017b87   Thumb Code     2  tuya_ble_port.o(i.tuya_ble_connect_monitor_timer_init)
    tuya_ble_connect_monitor_timer_start     0x00017b89   Thumb Code    14  tuya_ble_port.o(i.tuya_ble_connect_monitor_timer_start)
    tuya_ble_connect_monitor_timer_stop      0x00017ba1   Thumb Code    12  tuya_ble_port.o(i.tuya_ble_connect_monitor_timer_stop)
    tuya_ble_connect_status_get              0x00017bb1   Thumb Code     6  tuya_ble_main.o(i.tuya_ble_connect_status_get)
    tuya_ble_connect_status_set              0x00017bbd   Thumb Code    18  tuya_ble_main.o(i.tuya_ble_connect_status_set)
    tuya_ble_connected_handler               0x00017bd5   Thumb Code    22  tuya_ble_api.o(i.tuya_ble_connected_handler)
    tuya_ble_crc16_compute                   0x00017bed   Thumb Code    50  tuya_ble_utils.o(i.tuya_ble_crc16_compute)
    tuya_ble_crc32_compute                   0x00017c29   Thumb Code    56  tuya_ble_utils.o(i.tuya_ble_crc32_compute)
    tuya_ble_custom_app_production_test_process 0x00017c65   Thumb Code     2  custom_app_product_test.o(i.tuya_ble_custom_app_production_test_process)
    tuya_ble_custom_app_uart_common_process  0x00017c67   Thumb Code     2  custom_app_uart_common_handler.o(i.tuya_ble_custom_app_uart_common_process)
    tuya_ble_decryption                      0x00017c68   ARM Code     300  tuya_ble_secure.o(i.tuya_ble_decryption)
    tuya_ble_dequeue                         0x00017d9d   Thumb Code    54  tuya_ble_queue.o(i.tuya_ble_dequeue)
    tuya_ble_device_delay_ms                 0x00017dd3   Thumb Code     8  tuya_ble_port.o(i.tuya_ble_device_delay_ms)
    tuya_ble_device_enter_critical           0x00017ddb   Thumb Code    12  tuya_ble_port.o(i.tuya_ble_device_enter_critical)
    tuya_ble_device_exit_critical            0x00017de7   Thumb Code    12  tuya_ble_port.o(i.tuya_ble_device_exit_critical)
    tuya_ble_device_id_16_to_20              0x00017df3   Thumb Code   138  tuya_ble_utils.o(i.tuya_ble_device_id_16_to_20)
    tuya_ble_device_id_20_to_16              0x00017e7d   Thumb Code   134  tuya_ble_utils.o(i.tuya_ble_device_id_20_to_16)
    tuya_ble_device_id_encrypt               0x00017f04   ARM Code     152  tuya_ble_secure.o(i.tuya_ble_device_id_encrypt)
    tuya_ble_device_reset                    0x00017f9d   Thumb Code    12  tuya_ble_port.o(i.tuya_ble_device_reset)
    tuya_ble_device_reset_time_delay_ms      0x00017fa9   Thumb Code    20  tuya_ble_port.o(i.tuya_ble_device_reset_time_delay_ms)
    tuya_ble_device_unbond                   0x00017fc1   Thumb Code    38  tuya_ble_data_handler.o(i.tuya_ble_device_unbond)
    tuya_ble_disconnected_handler            0x00017fed   Thumb Code    22  tuya_ble_api.o(i.tuya_ble_disconnected_handler)
    tuya_ble_dp_data_report                  0x00018003   Thumb Code   122  tuya_ble_api.o(i.tuya_ble_dp_data_report)
    tuya_ble_encrypt_old_with_key            0x0001807c   ARM Code     192  tuya_ble_secure.o(i.tuya_ble_encrypt_old_with_key)
    tuya_ble_encryption                      0x0001813c   ARM Code     204  tuya_ble_secure.o(i.tuya_ble_encryption)
    tuya_ble_enqueue                         0x00018209   Thumb Code    52  tuya_ble_queue.o(i.tuya_ble_enqueue)
    tuya_ble_event_init                      0x0001823d   Thumb Code    20  tuya_ble_main.o(i.tuya_ble_event_init)
    tuya_ble_event_process                   0x00018255   Thumb Code   140  tuya_ble_main.o(i.tuya_ble_event_process)
    tuya_ble_event_send                      0x000182e1   Thumb Code    14  tuya_ble_main.o(i.tuya_ble_event_send)
    tuya_ble_evt_process                     0x000182f1   Thumb Code   446  tuya_ble_data_handler.o(i.tuya_ble_evt_process)
    tuya_ble_free                            0x000184b9   Thumb Code    14  tuya_ble_port.o(i.tuya_ble_free)
    tuya_ble_gap_advertising_adv_data_update 0x000184c7   Thumb Code    10  tuya_ble_port.o(i.tuya_ble_gap_advertising_adv_data_update)
    tuya_ble_gap_disconnect                  0x000184d1   Thumb Code    10  tuya_ble_port.o(i.tuya_ble_gap_disconnect)
    tuya_ble_gatt_receive_data               0x000184db   Thumb Code    46  tuya_ble_api.o(i.tuya_ble_gatt_receive_data)
    tuya_ble_gatt_send_data                  0x00018509   Thumb Code    14  tuya_ble_port.o(i.tuya_ble_gatt_send_data)
    tuya_ble_gatt_send_data_enqueue          0x00018519   Thumb Code    80  tuya_ble_gatt_send_queue.o(i.tuya_ble_gatt_send_data_enqueue)
    tuya_ble_gatt_send_data_handle           0x00018571   Thumb Code   112  tuya_ble_gatt_send_queue.o(i.tuya_ble_gatt_send_data_handle)
    tuya_ble_gatt_send_queue_init            0x00018615   Thumb Code    24  tuya_ble_gatt_send_queue.o(i.tuya_ble_gatt_send_queue_init)
    tuya_ble_get_queue_used                  0x00018635   Thumb Code     4  tuya_ble_queue.o(i.tuya_ble_get_queue_used)
    tuya_ble_handle_ble_cmd_evt              0x00018639   Thumb Code    30  tuya_ble_event_handler.o(i.tuya_ble_handle_ble_cmd_evt)
    tuya_ble_handle_ble_data_evt             0x00018657   Thumb Code     8  tuya_ble_event_handler.o(i.tuya_ble_handle_ble_data_evt)
    tuya_ble_handle_connect_change_evt       0x00018661   Thumb Code    92  tuya_ble_event_handler.o(i.tuya_ble_handle_connect_change_evt)
    tuya_ble_handle_data_prod_test_response_evt 0x000186c1   Thumb Code    64  tuya_ble_event_handler.o(i.tuya_ble_handle_data_prod_test_response_evt)
    tuya_ble_handle_device_info_update_evt   0x000187c9   Thumb Code    50  tuya_ble_event_handler.o(i.tuya_ble_handle_device_info_update_evt)
    tuya_ble_handle_dp_data_reported_evt     0x00018865   Thumb Code    44  tuya_ble_event_handler.o(i.tuya_ble_handle_dp_data_reported_evt)
    tuya_ble_handle_dp_data_with_flag_and_time_reported_evt 0x00018895   Thumb Code   126  tuya_ble_event_handler.o(i.tuya_ble_handle_dp_data_with_flag_and_time_reported_evt)
    tuya_ble_handle_dp_data_with_flag_and_time_string_reported_evt 0x00018919   Thumb Code   116  tuya_ble_event_handler.o(i.tuya_ble_handle_dp_data_with_flag_and_time_string_reported_evt)
    tuya_ble_handle_dp_data_with_flag_reported_evt 0x00018991   Thumb Code    44  tuya_ble_event_handler.o(i.tuya_ble_handle_dp_data_with_flag_reported_evt)
    tuya_ble_handle_dp_data_with_time_reported_evt 0x000189c1   Thumb Code   110  tuya_ble_event_handler.o(i.tuya_ble_handle_dp_data_with_time_reported_evt)
    tuya_ble_handle_dp_data_with_time_string_reported_evt 0x00018a35   Thumb Code   102  tuya_ble_event_handler.o(i.tuya_ble_handle_dp_data_with_time_string_reported_evt)
    tuya_ble_handle_factory_reset_evt        0x00018bb9   Thumb Code    40  tuya_ble_event_handler.o(i.tuya_ble_handle_factory_reset_evt)
    tuya_ble_handle_ota_req                  0x00018be5   Thumb Code    70  app_tuya_ota.o(i.tuya_ble_handle_ota_req)
    tuya_ble_handle_time_request_evt         0x00018d41   Thumb Code    46  tuya_ble_event_handler.o(i.tuya_ble_handle_time_request_evt)
    tuya_ble_handle_uart_cmd_evt             0x00018d75   Thumb Code    78  tuya_ble_event_handler.o(i.tuya_ble_handle_uart_cmd_evt)
    tuya_ble_inter_event_response            0x00018ed1   Thumb Code    42  tuya_ble_main.o(i.tuya_ble_inter_event_response)
    tuya_ble_malloc                          0x00019145   Thumb Code    24  tuya_ble_port.o(i.tuya_ble_malloc)
    tuya_ble_message_send                    0x000191b1   Thumb Code    36  tuya_ble_port.o(i.tuya_ble_message_send)
    tuya_ble_mytime_2_utc_sec                0x000191d9   Thumb Code   116  tuya_ble_unix_time.o(i.tuya_ble_mytime_2_utc_sec)
    tuya_ble_nv_erase                        0x00019255   Thumb Code    42  tuya_ble_port.o(i.tuya_ble_nv_erase)
    tuya_ble_nv_init                         0x0001927f   Thumb Code     4  tuya_ble_port.o(i.tuya_ble_nv_init)
    tuya_ble_nv_read                         0x00019283   Thumb Code    16  tuya_ble_port.o(i.tuya_ble_nv_read)
    tuya_ble_nv_write                        0x00019293   Thumb Code    16  tuya_ble_port.o(i.tuya_ble_nv_write)
    tuya_ble_pair_rand_clear                 0x000192a5   Thumb Code    24  tuya_ble_data_handler.o(i.tuya_ble_pair_rand_clear)
    tuya_ble_pair_rand_valid_get             0x000192c1   Thumb Code     6  tuya_ble_data_handler.o(i.tuya_ble_pair_rand_valid_get)
    tuya_ble_prod_beacon_get_rssi_avg        0x00019359   Thumb Code    10  custom_app_product_test.o(i.tuya_ble_prod_beacon_get_rssi_avg)
    tuya_ble_prod_beacon_scan_start          0x00019363   Thumb Code     4  custom_app_product_test.o(i.tuya_ble_prod_beacon_scan_start)
    tuya_ble_prod_beacon_scan_stop           0x00019367   Thumb Code     4  custom_app_product_test.o(i.tuya_ble_prod_beacon_scan_stop)
    tuya_ble_prod_gpio_test                  0x0001936b   Thumb Code     4  custom_app_product_test.o(i.tuya_ble_prod_gpio_test)
    tuya_ble_queue_decrease                  0x0001936f   Thumb Code    28  tuya_ble_queue.o(i.tuya_ble_queue_decrease)
    tuya_ble_queue_flush                     0x0001938b   Thumb Code    10  tuya_ble_queue.o(i.tuya_ble_queue_flush)
    tuya_ble_queue_get                       0x00019395   Thumb Code    34  tuya_ble_queue.o(i.tuya_ble_queue_get)
    tuya_ble_queue_init                      0x000193b7   Thumb Code    30  tuya_ble_queue.o(i.tuya_ble_queue_init)
    tuya_ble_rand_generator                  0x000193d5   Thumb Code    58  tuya_ble_port.o(i.tuya_ble_rand_generator)
    tuya_ble_register_key_generate           0x00019410   ARM Code      40  tuya_ble_secure.o(i.tuya_ble_register_key_generate)
    tuya_ble_reset_ble_sn                    0x0001943d   Thumb Code    22  tuya_ble_data_handler.o(i.tuya_ble_reset_ble_sn)
    tuya_ble_rtc_set_timestamp               0x00019459   Thumb Code     4  tuya_ble_port.o(i.tuya_ble_rtc_set_timestamp)
    tuya_ble_sdk_init                        0x0001945d   Thumb Code   176  tuya_ble_api.o(i.tuya_ble_sdk_init)
    tuya_ble_set_device_version              0x00019515   Thumb Code     8  tuya_ble_data_handler.o(i.tuya_ble_set_device_version)
    tuya_ble_storage_init                    0x00019521   Thumb Code    16  tuya_ble_storage.o(i.tuya_ble_storage_init)
    tuya_ble_storage_load_settings           0x00019531   Thumb Code   244  tuya_ble_storage.o(i.tuya_ble_storage_load_settings)
    tuya_ble_storage_save_auth_settings      0x00019631   Thumb Code   102  tuya_ble_storage.o(i.tuya_ble_storage_save_auth_settings)
    tuya_ble_storage_save_sys_settings       0x0001969d   Thumb Code   166  tuya_ble_storage.o(i.tuya_ble_storage_save_sys_settings)
    tuya_ble_storage_write_auth_key_device_id_mac 0x0001974d   Thumb Code   226  tuya_ble_storage.o(i.tuya_ble_storage_write_auth_key_device_id_mac)
    tuya_ble_storage_write_hid               0x00019835   Thumb Code    52  tuya_ble_storage.o(i.tuya_ble_storage_write_hid)
    tuya_ble_uart_common_process             0x0001986d   Thumb Code    16  tuya_ble_app_uart_common_handler.o(i.tuya_ble_uart_common_process)
    tuya_ble_vtimer_connect_monitor_callback 0x000198d1   Thumb Code    20  tuya_ble_api.o(i.tuya_ble_vtimer_connect_monitor_callback)
    tuya_ble_vtimer_prod_monitor_callback    0x000198e5   Thumb Code    16  tuya_ble_app_production_test.o(i.tuya_ble_vtimer_prod_monitor_callback)
    tuya_ota_init                            0x00019bed   Thumb Code    38  app_tuya_ota.o(i.tuya_ota_init)
    tuya_ota_init_disconnect                 0x00019c1d   Thumb Code    18  app_tuya_ota.o(i.tuya_ota_init_disconnect)
    tuyas_get_att_handle                     0x00019e0d   Thumb Code    48  tuya_service.o(i.tuyas_get_att_handle)
    tuyas_get_att_idx                        0x00019e3d   Thumb Code    60  tuya_service.o(i.tuyas_get_att_idx)
    tuyas_notify_value_lvl                   0x00019f49   Thumb Code    64  tuya_service.o(i.tuyas_notify_value_lvl)
    tuyas_prf_itf_get                        0x00019f89   Thumb Code     4  tuya_service.o(i.tuyas_prf_itf_get)
    uart2_init                               0x00019f91   Thumb Code   128  uart2.o(i.uart2_init)
    uart2_isr                                0x0001a035   Thumb Code   116  uart2.o(i.uart2_isr)
    uart2_send                               0x0001a0b5   Thumb Code    26  uart2.o(i.uart2_send)
    uart_clear_rxfifo                        0x0001a0d5   Thumb Code    26  uart.o(i.uart_clear_rxfifo)
    uart_finish_transfers                    0x0001a0f9   Thumb Code    24  uart.o(i.uart_finish_transfers)
    uart_flow_off                            0x0001a115   Thumb Code     4  uart.o(i.uart_flow_off)
    uart_flow_on                             0x0001a119   Thumb Code     2  uart.o(i.uart_flow_on)
    uart_init                                0x0001a11d   Thumb Code   134  uart.o(i.uart_init)
    uart_isr                                 0x0001a1cd   Thumb Code   104  uart.o(i.uart_isr)
    uart_printf                              0x0001a241   Thumb Code    42  uart.o(i.uart_printf)
    uart_putchar                             0x0001a281   Thumb Code    34  uart.o(i.uart_putchar)
    uart_read                                0x0001a2a9   Thumb Code    64  uart.o(i.uart_read)
    uart_write                               0x0001a325   Thumb Code   110  uart.o(i.uart_write)
    wdt_disable                              0x0001a3d5   Thumb Code    28  wdt.o(i.wdt_disable)
    wdt_enable                               0x0001a3f9   Thumb Code    38  wdt.o(i.wdt_enable)
    wdt_feed                                 0x0001a429   Thumb Code    28  wdt.o(i.wdt_feed)
    tuya_att_db                              0x0001a48c   Data          48  tuya_service.o(.constdata)
    tuyas_itf                                0x0001a4bc   Data          16  tuya_service.o(.constdata)
    tuyas_default_state                      0x0001a4cc   Data          40  tuya_service_task.o(.constdata)
    tuyas_default_handler                    0x0001a4f4   Data           8  tuya_service_task.o(.constdata)
    appm_default_state                       0x0001a510   Data         136  app_task.o(.constdata)
    appm_default_handler                     0x0001a598   Data           8  app_task.o(.constdata)
    app_tuya_msg_handler_list                0x0001a63c   Data          40  app_tuya_service.o(.constdata)
    app_tuya_table_handler                   0x0001a664   Data           8  app_tuya_service.o(.constdata)
    __ctype_table                            0x0001aa24   Data         129  ctype_o.o(.constdata)
    Load$$RAM_DATA$$Base                     0x0001aaac   Number         0  anon$$obj.o ABSOLUTE
    co_default_bdaddr                        0x00400024   Data           0  stack_rom_symbol.txt ABSOLUTE
    llc_env                                  0x0040002c   Data           0  stack_rom_symbol.txt ABSOLUTE
    llc_state                                0x00400030   Data           0  stack_rom_symbol.txt ABSOLUTE
    latency_disable_state                    0x00400031   Data           0  stack_rom_symbol.txt ABSOLUTE
    system_sleep_flag                        0x00400032   Data           0  stack_rom_symbol.txt ABSOLUTE
    lld_sleep_env                            0x00400034   Data           0  stack_rom_symbol.txt ABSOLUTE
    llm_state                                0x00400038   Data           0  stack_rom_symbol.txt ABSOLUTE
    gapc_env                                 0x0040003c   Data           0  stack_rom_symbol.txt ABSOLUTE
    gapc_state                               0x00400040   Data           0  stack_rom_symbol.txt ABSOLUTE
    gapm_state                               0x00400041   Data           0  stack_rom_symbol.txt ABSOLUTE
    gattc_env                                0x00400044   Data           0  stack_rom_symbol.txt ABSOLUTE
    gattc_state                              0x00400048   Data           0  stack_rom_symbol.txt ABSOLUTE
    gattm_state                              0x00400049   Data           0  stack_rom_symbol.txt ABSOLUTE
    l2cc_env                                 0x0040004c   Data           0  stack_rom_symbol.txt ABSOLUTE
    l2cc_state                               0x00400050   Data           0  stack_rom_symbol.txt ABSOLUTE
    ke_env                                   0x0040007c   Data           0  stack_rom_symbol.txt ABSOLUTE
    rwip_rf                                  0x0040011c   Data           0  stack_rom_symbol.txt ABSOLUTE
    rom_env                                  0x00400150   Data           0  stack_rom_symbol.txt ABSOLUTE
    em_buf_env                               0x0040019c   Data           0  stack_rom_symbol.txt ABSOLUTE
    lld_evt_env                              0x004004e4   Data           0  stack_rom_symbol.txt ABSOLUTE
    llm_le_env                               0x00400510   Data           0  stack_rom_symbol.txt ABSOLUTE
    gapm_env                                 0x0040058c   Data           0  stack_rom_symbol.txt ABSOLUTE
    gattm_env                                0x004005b8   Data           0  stack_rom_symbol.txt ABSOLUTE
    l2cm_env                                 0x004005d8   Data           0  stack_rom_symbol.txt ABSOLUTE
    hci_env                                  0x004005e4   Data           0  stack_rom_symbol.txt ABSOLUTE
    hci_fc_env                               0x004005f4   Data           0  stack_rom_symbol.txt ABSOLUTE
    Image$$RAM_DATA$$Base                    0x00400600   Number         0  anon$$obj.o ABSOLUTE
    GPIO_CFG                                 0x00400604   Data          20  gpio.o(.data)
    GPIO_DATA                                0x00400618   Data          20  gpio.o(.data)
    wdt_disable_flag                         0x0040062c   Data           1  wdt.o(.data)
    uart_rx_done                             0x00400630   Data           1  uart.o(.data)
    cur_read_buf_idx                         0x00400631   Data           1  uart.o(.data)
    uart_rx_index                            0x00400638   Data           4  uart.o(.data)
    uart2_rx_done                            0x00400640   Data           1  uart2.o(.data)
    uart2_rx_index                           0x00400644   Data           4  uart2.o(.data)
    appm_state                               0x0040064c   Data           1  app_task.o(.data)
    app_tuya_env                             0x0040064d   Data           2  app_tuya_service.o(.data)
    tuya_ble_pair_rand_valid                 0x00400674   Data           1  tuya_ble_data_handler.o(.data)
    tuya_ble_ota_status                      0x00400675   Data           1  tuya_ble_data_handler.o(.data)
    tuya_ble_pair_rand                       0x0040068c   Data           6  tuya_ble_data_handler.o(.data)
    m_cb_table                               0x004006a4   Data           4  tuya_ble_main.o(.data)
    Image$$RAM_BSS$$Base                     0x004006b0   Number         0  anon$$obj.o ABSOLUTE
    uart_api                                 0x004006b0   Data          16  arch_main.o(.bss)
    rwip_sleep_time                          0x004006c0   Data          12  rwip.o(.bss)
    p_PWM_Int_Handler                        0x004006d8   Data          20  pwm.o(.bss)
    uart_rx_buf                              0x004006ec   Data          64  uart.o(.bss)
    uart_env                                 0x0040072c   Data          20  uart.o(.bss)
    uart_buff                                0x00400740   Data         128  uart.o(.bss)
    uart2_rx_buf                             0x004007c0   Data          64  uart2.o(.bss)
    uart2_env                                0x00400800   Data          20  uart2.o(.bss)
    XVR_ANALOG_REG_BAK                       0x00400814   Data          36  rf_xvr.o(.bss)
    prf_env                                  0x00400838   Data          48  prf.o(.bss)
    app_env                                  0x00400868   Data          40  app.o(.bss)
    device_param                             0x00400890   Data         120  app_tuya.o(.bss)
    custom_data                              0x004009d0   Data          50  app_tuya.o(.bss)
    tuya_ble_current_para                    0x00400ec0   Data         468  tuya_ble_main.o(.bss)
    adv_data                                 0x00401094   Data          28  tuya_ble_main.o(.bss)
    scan_rsp_data                            0x004010b0   Data          30  tuya_ble_main.o(.bss)
    rwip_heap_env                            0x0040138c   Data         296  rwip.o(ke_heap)
    rwip_heap_db                             0x004014b4   Data         524  rwip.o(ke_heap)
    rwip_heap_msg                            0x004016c0   Data        3452  rwip.o(ke_heap)
    rwip_heap_non_ret                        0x0040243c   Data        1036  rwip.o(ke_heap)
    Image$$RAM_STACK_UNUSED$$Base            0x0040330c   Number         0  anon$$obj.o ABSOLUTE
    Image$$RAM_STACK_SVC$$Base               0x0040332c   Number         0  anon$$obj.o ABSOLUTE
    Image$$RAM_STACK_IRQ$$Base               0x00403a1c   Number         0  anon$$obj.o ABSOLUTE
    Image$$RAM_STACK_FIQ$$Base               0x00403d0c   Number         0  anon$$obj.o ABSOLUTE



==============================================================================

Memory Map of the image

  Image Entry point : 0x000128a4

  Load Region SECTIONS (Base: 0x00012820, Size: 0x0000833c, Max: 0xffffffff, ABSOLUTE)

    Execution Region ROM_SYS (Exec base: 0x00012820, Load base: 0x00012820, Size: 0x00000278, Max: 0xffffffff, ABSOLUTE)

    Exec Addr    Load Addr    Size         Type   Attr      Idx    E Section Name        Object

    0x00012820   0x00012820   0x0000005c   Code   RO          333  * SYS_BOOT            boot_vectors.o
    0x0001287c   0x0001287c   0x000001f4   Code   RO          329  * SYS_BOOT            boot_handlers.o
    0x00012a70   0x00012a70   0x00000008   Ven    RO         3791    Veneer$$Code        anon$$obj.o
    0x00012a78   0x00012a78   0x00000008   Ven    RO         3792    Veneer$$Code        anon$$obj.o
    0x00012a80   0x00012a80   0x00000008   Ven    RO         3793    Veneer$$Code        anon$$obj.o
    0x00012a88   0x00012a88   0x00000008   Ven    RO         3794    Veneer$$Code        anon$$obj.o
    0x00012a90   0x00012a90   0x00000008   Ven    RO         3795    Veneer$$Code        anon$$obj.o


    Execution Region FAST_CALL_SEG (Exec base: 0x00012b20, Load base: 0x00012b20, Size: 0x00000030, Max: 0xffffffff, ABSOLUTE, FIXED)

    Exec Addr    Load Addr    Size         Type   Attr      Idx    E Section Name        Object

    0x00012b20   0x00012b20   0x00000010   Code   RO          931    sys_fiq_entry       intc.o
    0x00012b30   0x00012b30   0x00000010   PAD
    0x00012b40   0x00012b40   0x00000010   Code   RO          932    sys_irq_entry       intc.o


    Execution Region ROM (Exec base: 0x00012b50, Load base: 0x00012b50, Size: 0x00007f5c, Max: 0xffffffff, ABSOLUTE)

    Exec Addr    Load Addr    Size         Type   Attr      Idx    E Section Name        Object

    0x00012b50   0x00012b50   0x00000060   Code   RO         3453    .text               mc_5.l(uldiv.o)
    0x00012bb0   0x00012bb0   0x0000000e   Code   RO         3455    .text               mc_5.l(strlen.o)
    0x00012bbe   0x00012bbe   0x0000001a   Code   RO         3718    .text               mc_5.l(atoll.o)
    0x00012bd8   0x00012bd8   0x00000020   Code   RO         3723    .text               mc_5.l(llshl.o)
    0x00012bf8   0x00012bf8   0x00000022   Code   RO         3725    .text               mc_5.l(llushr.o)
    0x00012c1a   0x00012c1a   0x0000008a   Code   RO         3734    .text               mc_5.l(__strtoll.o)
    0x00012ca4   0x00012ca4   0x00000000   Code   RO         3736    .text               mc_5.l(iusefp.o)
    0x00012ca4   0x00012ca4   0x00000164   Code   RO         3737    .text               mf_5.l(dadd.o)
    0x00012e08   0x00012e08   0x000000d0   Code   RO         3739    .text               mf_5.l(dmul.o)
    0x00012ed8   0x00012ed8   0x000000f0   Code   RO         3741    .text               mf_5.l(ddiv.o)
    0x00012fc8   0x00012fc8   0x00000040   Code   RO         3743    .text               mf_5.l(dfixul.o)
    0x00013008   0x00013008   0x00000028   Code   RO         3745    .text               mf_5.l(cdrcmple.o)
    0x00013030   0x00013030   0x00000026   Code   RO         3748    .text               mc_5.l(llsshr.o)
    0x00013056   0x00013056   0x00000002   PAD
    0x00013058   0x00013058   0x00000008   Code   RO         3750    .text               mc_5.l(ctype_o.o)
    0x00013060   0x00013060   0x000000d8   Code   RO         3778    .text               mc_5.l(_strtoull.o)
    0x00013138   0x00013138   0x000000be   Code   RO         3781    .text               mf_5.l(depilogue.o)
    0x000131f6   0x000131f6   0x0000007e   Code   RO         3785    .text               mc_5.l(llmul.o)
    0x00013274   0x00013274   0x0000001e   Code   RO         3787    .text               mc_5.l(_chval.o)
    0x00013292   0x00013292   0x00000002   PAD
    0x00013294   0x00013294   0x00000080   Code   RO         2090    i.AES128_CBC_decrypt_buffer  tuya_ble_aes.o
    0x00013314   0x00013314   0x00000080   Code   RO         2091    i.AES128_CBC_encrypt_buffer  tuya_ble_aes.o
    0x00013394   0x00013394   0x00000020   Code   RO         2093    i.AES128_ECB_encrypt  tuya_ble_aes.o
    0x000133b4   0x000133b4   0x00000040   Code   RO         2094    i.AddRoundKey       tuya_ble_aes.o
    0x000133f4   0x000133f4   0x00000012   Code   RO         2095    i.BlockCopy         tuya_ble_aes.o
    0x00013406   0x00013406   0x00000036   Code   RO         2096    i.Cipher            tuya_ble_aes.o
    0x0001343c   0x0001343c   0x00000020   Code   RO         1370    i.Delay_ms          rf_xvr.o
    0x0001345c   0x0001345c   0x00000020   Code   RO          926    i.FIQ_Exception     intc.o
    0x0001347c   0x0001347c   0x000000a0   Code   RO          927    i.IRQ_Exception     intc.o
    0x0001351c   0x0001351c   0x00000034   Code   RO         2097    i.InvCipher         tuya_ble_aes.o
    0x00013550   0x00013550   0x000003cc   Code   RO         2098    i.InvMixColumns     tuya_ble_aes.o
    0x0001391c   0x0001391c   0x0000003c   Code   RO         2099    i.InvShiftRows      tuya_ble_aes.o
    0x00013958   0x00013958   0x00000034   Code   RO         2100    i.InvSubBytes       tuya_ble_aes.o
    0x0001398c   0x0001398c   0x000000b0   Code   RO         2101    i.KeyExpansion      tuya_ble_aes.o
    0x00013a3c   0x00013a3c   0x0000008c   Code   RO         2102    i.MixColumns        tuya_ble_aes.o
    0x00013ac8   0x00013ac8   0x00000018   Code   RO         1121    i.Read_Uart_Buf     uart.o
    0x00013ae0   0x00013ae0   0x0000003c   Code   RO         2103    i.ShiftRows         tuya_ble_aes.o
    0x00013b1c   0x00013b1c   0x00000134   Code   RO            5    i.Stack_Integrity_Check  arch_main.o
    0x00013c50   0x00013c50   0x00000034   Code   RO         2104    i.SubBytes          tuya_ble_aes.o
    0x00013c84   0x00013c84   0x00000020   Code   RO         2105    i.XorWithIv         tuya_ble_aes.o
    0x00013ca4   0x00013ca4   0x00000028   Code   RO         3692    i.__0sprintf        mc_5.l(printfa.o)
    0x00013ccc   0x00013ccc   0x00000024   Code   RO         3696    i.__0vsprintf       mc_5.l(printfa.o)
    0x00013cf0   0x00013cf0   0x00000018   Code   RO         1952    i.__ARM_common_switch8  app_tuya.o
    0x00013d08   0x00013d08   0x00000008   Code   RO         3727    i.__aeabi_errno_addr  mc_5.l(errno.o)
    0x00013d10   0x00013d10   0x00000174   Code   RO         3697    i._fp_digits        mc_5.l(printfa.o)
    0x00013e84   0x00013e84   0x000006f4   Code   RO         3698    i._printf_core      mc_5.l(printfa.o)
    0x00014578   0x00014578   0x00000020   Code   RO         3699    i._printf_post_padding  mc_5.l(printfa.o)
    0x00014598   0x00014598   0x0000002c   Code   RO         3700    i._printf_pre_padding  mc_5.l(printfa.o)
    0x000145c4   0x000145c4   0x0000000a   Code   RO         3702    i._sputc            mc_5.l(printfa.o)
    0x000145ce   0x000145ce   0x00000002   PAD
    0x000145d0   0x000145d0   0x00000030   Code   RO         1848    i.app_tuya_add_service  app_tuya_service.o
    0x00014600   0x00014600   0x0000000a   Code   RO         1730    i.app_tuya_connect_monitor_timer_handler  app_task.o
    0x0001460a   0x0001460a   0x0000000c   Code   RO         1731    i.app_tuya_event_handler  app_task.o
    0x00014616   0x00014616   0x0000000c   Code   RO         1916    i.app_tuya_init     app_tuya.o
    0x00014622   0x00014622   0x00000002   PAD
    0x00014624   0x00014624   0x0000001c   Code   RO         1849    i.app_tuya_msg_dflt_handler  app_tuya_service.o
    0x00014640   0x00014640   0x0000000a   Code   RO         1732    i.app_tuya_prod_monitor_timer_handler  app_task.o
    0x0001464a   0x0001464a   0x00000002   PAD
    0x0001464c   0x0001464c   0x00000034   Code   RO         1850    i.app_tuya_send_data  app_tuya_service.o
    0x00014680   0x00014680   0x00000010   Code   RO         1851    i.app_tuya_service_init  app_tuya_service.o
    0x00014690   0x00014690   0x00000028   Code   RO         3046    i.applib_dt_is_leap_year  tuya_ble_unix_time.o
    0x000146b8   0x000146b8   0x0000002c   Code   RO         3047    i.applib_dt_last_day_of_mon  tuya_ble_unix_time.o
    0x000146e4   0x000146e4   0x00000028   Code   RO         1651    i.appm_add_svc      app.o
    0x0001470c   0x0001470c   0x0000002c   Code   RO         1652    i.appm_disconnect   app.o
    0x00014738   0x00014738   0x00000014   Code   RO         1653    i.appm_get_dev_name  app.o
    0x0001474c   0x0001474c   0x00000050   Code   RO         1654    i.appm_init         app.o
    0x0001479c   0x0001479c   0x00000054   Code   RO         1733    i.appm_msg_handler  app_task.o
    0x000147f0   0x000147f0   0x000000ac   Code   RO         1655    i.appm_start_advertising  app.o
    0x0001489c   0x0001489c   0x00000058   Code   RO         1657    i.appm_update_adv_data  app.o
    0x000148f4   0x000148f4   0x0000008c   Code   RO         1658    i.appm_update_param  app.o
    0x00014980   0x00014980   0x0000003c   Code   RO            6    i.assert_err        arch_main.o
    0x000149bc   0x000149bc   0x0000004c   Code   RO            7    i.assert_param      arch_main.o
    0x00014a08   0x00014a08   0x0000005c   Code   RO            9    i.bdaddr_env_init   arch_main.o
    0x00014a64   0x00014a64   0x000000d8   Code   RO         2367    i.ble_data_unpack   tuya_ble_data_handler.o
    0x00014b3c   0x00014b3c   0x000000d4   Code   RO         2738    i.data_2_klvlist    tuya_ble_mutli_tsf_protocol.o
    0x00014c10   0x00014c10   0x00000018   Code   RO          662    i.emi_init          emi.o
    0x00014c28   0x00014c28   0x00000078   Code   RO         1957    i.file_crc_check_in_flash  app_tuya_ota.o
    0x00014ca0   0x00014ca0   0x00000010   Code   RO          681    i.flash_clearKey    flash.o
    0x00014cb0   0x00014cb0   0x00000034   Code   RO          683    i.flash_erase_sector  flash.o
    0x00014ce4   0x00014ce4   0x0000001c   Code   RO          684    i.flash_init        flash.o
    0x00014d00   0x00014d00   0x0000006c   Code   RO          685    i.flash_read        flash.o
    0x00014d6c   0x00014d6c   0x00000038   Code   RO          686    i.flash_readword    flash.o
    0x00014da4   0x00014da4   0x00000010   Code   RO          687    i.flash_start       flash.o
    0x00014db4   0x00014db4   0x00000010   Code   RO          688    i.flash_status      flash.o
    0x00014dc4   0x00014dc4   0x00000010   Code   RO          689    i.flash_unlock      flash.o
    0x00014dd4   0x00014dd4   0x00000074   Code   RO          690    i.flash_write       flash.o
    0x00014e48   0x00014e48   0x00000018   Code   RO          691    i.flash_writeKey    flash.o
    0x00014e60   0x00014e60   0x00000038   Code   RO          692    i.flash_writeword   flash.o
    0x00014e98   0x00014e98   0x0000001c   Code   RO         2740    i.free_klv_list     tuya_ble_mutli_tsf_protocol.o
    0x00014eb4   0x00014eb4   0x00000158   Code   RO         1734    i.gapc_cmp_evt_handler  app_task.o
    0x0001500c   0x0001500c   0x0000006c   Code   RO         1735    i.gapc_connection_req_ind_handler  app_task.o
    0x00015078   0x00015078   0x0000004c   Code   RO         1736    i.gapc_disconnect_ind_handler  app_task.o
    0x000150c4   0x000150c4   0x000000a4   Code   RO         1737    i.gapc_get_dev_info_req_ind_handler  app_task.o
    0x00015168   0x00015168   0x00000094   Code   RO         1738    i.gapc_le_pkt_size_ind_handler  app_task.o
    0x000151fc   0x000151fc   0x00000040   Code   RO         1739    i.gapc_param_update_req_ind_handler  app_task.o
    0x0001523c   0x0001523c   0x0000006c   Code   RO         1740    i.gapc_param_updated_ind_handler  app_task.o
    0x000152a8   0x000152a8   0x00000024   Code   RO         1741    i.gapc_set_dev_info_req_ind_handler  app_task.o
    0x000152cc   0x000152cc   0x00000044   Code   RO         1742    i.gapc_update_conn_param_req_ind_handler  app_task.o
    0x00015310   0x00015310   0x000000f0   Code   RO         1743    i.gapm_cmp_evt_handler  app_task.o
    0x00015400   0x00015400   0x00000020   Code   RO         1744    i.gapm_device_ready_ind_handler  app_task.o
    0x00015420   0x00015420   0x0000000c   Code   RO         1745    i.gapm_profile_added_ind_handler  app_task.o
    0x0001542c   0x0001542c   0x00000050   Code   RO         1532    i.gattc_att_info_req_ind_handler  tuya_service_task.o
    0x0001547c   0x0001547c   0x00000048   Code   RO         1533    i.gattc_cmp_evt_handler  tuya_service_task.o
    0x000154c4   0x000154c4   0x00000044   Code   RO         1746    i.gattc_mtu_changed_ind_handler  app_task.o
    0x00015508   0x00015508   0x0000008c   Code   RO         1534    i.gattc_read_req_ind_handler  tuya_service_task.o
    0x00015594   0x00015594   0x000000ac   Code   RO         1535    i.gattc_write_req_ind_handler  tuya_service_task.o
    0x00015640   0x00015640   0x00000004   Code   RO         2742    i.get_trsmitr_frame_total_len  tuya_ble_mutli_tsf_protocol.o
    0x00015644   0x00015644   0x00000004   Code   RO         2744    i.get_trsmitr_subpkg  tuya_ble_mutli_tsf_protocol.o
    0x00015648   0x00015648   0x00000004   Code   RO         2745    i.get_trsmitr_subpkg_len  tuya_ble_mutli_tsf_protocol.o
    0x0001564c   0x0001564c   0x00000038   Code   RO          788    i.gpio_isr          gpio.o
    0x00015684   0x00015684   0x00000050   Code   RO          867    i.icu_init          icu.o
    0x000156d4   0x000156d4   0x000001ec   Code   RO         1372    i.initial_xver_BK3432_openLoop  rf_xvr.o
    0x000158c0   0x000158c0   0x00000020   Code   RO          928    i.intc_init         intc.o
    0x000158e0   0x000158e0   0x00000130   Code   RO         1373    i.kmod_calibration  rf_xvr.o
    0x00015a10   0x00015a10   0x00000848   Code   RO         2652    i.mbedtls_internal_md5_process  tuya_ble_md5.o
    0x00016258   0x00016258   0x00000008   Code   RO         2655    i.mbedtls_md5_finish  tuya_ble_md5.o
    0x00016260   0x00016260   0x000000de   Code   RO         2656    i.mbedtls_md5_finish_ret  tuya_ble_md5.o
    0x0001633e   0x0001633e   0x0000000e   Code   RO         2657    i.mbedtls_md5_free  tuya_ble_md5.o
    0x0001634c   0x0001634c   0x0000000a   Code   RO         2658    i.mbedtls_md5_init  tuya_ble_md5.o
    0x00016356   0x00016356   0x00000008   Code   RO         2661    i.mbedtls_md5_starts  tuya_ble_md5.o
    0x0001635e   0x0001635e   0x00000002   PAD
    0x00016360   0x00016360   0x00000028   Code   RO         2662    i.mbedtls_md5_starts_ret  tuya_ble_md5.o
    0x00016388   0x00016388   0x00000008   Code   RO         2663    i.mbedtls_md5_update  tuya_ble_md5.o
    0x00016390   0x00016390   0x0000007c   Code   RO         2664    i.mbedtls_md5_update_ret  tuya_ble_md5.o
    0x0001640c   0x0001640c   0x00000048   Code   RO           12    i.platform_reset    arch_main.o
    0x00016454   0x00016454   0x00000088   Code   RO         1574    i.prf_add_profile   prf.o
    0x000164dc   0x000164dc   0x00000034   Code   RO         1575    i.prf_cleanup       prf.o
    0x00016510   0x00016510   0x00000030   Code   RO         1576    i.prf_create        prf.o
    0x00016540   0x00016540   0x00000010   Code   RO         1577    i.prf_dst_task_get  prf.o
    0x00016550   0x00016550   0x00000030   Code   RO         1578    i.prf_env_get       prf.o
    0x00016580   0x00016580   0x00000038   Code   RO         1579    i.prf_get_id_from_task  prf.o
    0x000165b8   0x000165b8   0x00000038   Code   RO         1580    i.prf_get_task_from_id  prf.o
    0x000165f0   0x000165f0   0x00000074   Code   RO         1581    i.prf_init          prf.o
    0x00016664   0x00016664   0x00000014   Code   RO         1582    i.prf_itf_get       prf.o
    0x00016678   0x00016678   0x00000010   Code   RO         1583    i.prf_src_task_get  prf.o
    0x00016688   0x00016688   0x0000003c   Code   RO          993    i.pwm_isr           pwm.o
    0x000166c4   0x000166c4   0x00000014   Code   RO         1374    i.rf_force_agc_enable  rf_xvr.o
    0x000166d8   0x000166d8   0x00000048   Code   RO         1375    i.rf_init           rf_xvr.o
    0x00016720   0x00016720   0x00000002   Code   RO         1376    i.rf_reset          rf_xvr.o
    0x00016722   0x00016722   0x00000004   Code   RO         1377    i.rf_rpl_reg_rd     rf_xvr.o
    0x00016726   0x00016726   0x00000004   Code   RO         1378    i.rf_rpl_reg_wr     rf_xvr.o
    0x0001672a   0x0001672a   0x0000000a   Code   RO         1379    i.rf_rssi_convert   rf_xvr.o
    0x00016734   0x00016734   0x0000000e   Code   RO         1380    i.rf_sleep          rf_xvr.o
    0x00016742   0x00016742   0x00000004   Code   RO         1381    i.rf_txpwr_dbm_get  rf_xvr.o
    0x00016746   0x00016746   0x00000002   PAD
    0x00016748   0x00016748   0x0000007c   Code   RO           13    i.rom_env_init      arch_main.o
    0x000167c4   0x000167c4   0x00000008   Ven    RO           14    i.rw_main           arch_main.o
    0x000167cc   0x000167cc   0x000000b0   Code   RO           14    i.rw_main           arch_main.o
    0x0001687c   0x0001687c   0x0000001c   Code   RO          336    i.rwble_hl_init     rwble_hl.o
    0x00016898   0x00016898   0x0000001c   Code   RO          337    i.rwble_hl_reset    rwble_hl.o
    0x000168b4   0x000168b4   0x0000001c   Code   RO          379    i.rwble_init        rwble.o
    0x000168d0   0x000168d0   0x00000094   Code   RO          380    i.rwble_isr         rwble.o
    0x00016964   0x00016964   0x00000056   Code   RO          381    i.rwble_reset       rwble.o
    0x000169ba   0x000169ba   0x00000002   PAD
    0x000169bc   0x000169bc   0x00000028   Code   RO           15    i.rwip_eif_api_init  arch_main.o
    0x000169e4   0x000169e4   0x00000068   Code   RO          502    i.rwip_init         rwip.o
    0x00016a4c   0x00016a4c   0x0000003c   Code   RO          505    i.rwip_reset        rwip.o
    0x00016a88   0x00016a88   0x00000008   Code   RO          506    i.rwip_schedule     rwip.o
    0x00016a90   0x00016a90   0x00000022   Code   RO         2986    i.sys_settings_crc_ok  tuya_ble_storage.o
    0x00016ab2   0x00016ab2   0x00000002   PAD
    0x00016ab4   0x00016ab4   0x0000000c   Code   RO          871    i.system_sleep_init  icu.o
    0x00016ac0   0x00016ac0   0x00000002   Code   RO         1048    i.timer_init        timer.o
    0x00016ac2   0x00016ac2   0x0000000a   Code   RO         2748    i.trsmitr_init      tuya_ble_mutli_tsf_protocol.o
    0x00016acc   0x00016acc   0x0000010c   Code   RO         2749    i.trsmitr_recv_pkg_decode  tuya_ble_mutli_tsf_protocol.o
    0x00016bd8   0x00016bd8   0x000000fc   Code   RO         2750    i.trsmitr_send_pkg_encode  tuya_ble_mutli_tsf_protocol.o
    0x00016cd4   0x00016cd4   0x0000006c   Code   RO         3370    i.tuya_ble_Add_Pkcs  tuya_ble_sdk_lib_bk3432.lib(tuya_ble_secure.o)
    0x00016d40   0x00016d40   0x00000110   Code   RO         2584    i.tuya_ble_adv_change  tuya_ble_main.o
    0x00016e50   0x00016e50   0x00000058   Code   RO         3371    i.tuya_ble_aes128_cbc_encrypt  tuya_ble_sdk_lib_bk3432.lib(tuya_ble_secure.o)
    0x00016ea8   0x00016ea8   0x00000064   Code   RO         3372    i.tuya_ble_aes128_ecb_encrypt  tuya_ble_sdk_lib_bk3432.lib(tuya_ble_secure.o)
    0x00016f0c   0x00016f0c   0x0000001c   Code   RO         2368    i.tuya_ble_air_recv_packet_free  tuya_ble_data_handler.o
    0x00016f28   0x00016f28   0x00000048   Code   RO         1919    i.tuya_ble_app_init  app_tuya.o
    0x00016f70   0x00016f70   0x00000130   Code   RO         3159    i.tuya_ble_app_production_test_process  tuya_ble_app_production_test.o
    0x000170a0   0x000170a0   0x00000064   Code   RO         3160    i.tuya_ble_auc_gpio_test  tuya_ble_app_production_test.o
    0x00017104   0x00017104   0x00000090   Code   RO         3161    i.tuya_ble_auc_query_fingerprint  tuya_ble_app_production_test.o
    0x00017194   0x00017194   0x00000074   Code   RO         3162    i.tuya_ble_auc_query_hid  tuya_ble_app_production_test.o
    0x00017208   0x00017208   0x00000220   Code   RO         3163    i.tuya_ble_auc_query_info  tuya_ble_app_production_test.o
    0x00017428   0x00017428   0x00000078   Code   RO         3164    i.tuya_ble_auc_rssi_test  tuya_ble_app_production_test.o
    0x000174a0   0x000174a0   0x000000f0   Code   RO         3165    i.tuya_ble_auc_write_auth_info  tuya_ble_app_production_test.o
    0x00017590   0x00017590   0x00000098   Code   RO         3166    i.tuya_ble_auc_write_hid  tuya_ble_app_production_test.o
    0x00017628   0x00017628   0x00000020   Code   RO         3087    i.tuya_ble_buffer_value_is_all_x  tuya_ble_utils.o
    0x00017648   0x00017648   0x00000030   Code   RO         2192    i.tuya_ble_callback_queue_register  tuya_ble_api.o
    0x00017678   0x00017678   0x00000020   Code   RO         2585    i.tuya_ble_cb_event_send  tuya_ble_main.o
    0x00017698   0x00017698   0x00000018   Code   RO         3089    i.tuya_ble_check_sum  tuya_ble_utils.o
    0x000176b0   0x000176b0   0x000001d4   Code   RO         2369    i.tuya_ble_commData_send  tuya_ble_data_handler.o
    0x00017884   0x00017884   0x00000174   Code   RO         2370    i.tuya_ble_commonData_rx_proc  tuya_ble_data_handler.o
    0x000179f8   0x000179f8   0x000000f4   Code   RO         2193    i.tuya_ble_common_uart_data_unpack  tuya_ble_api.o
    0x00017aec   0x00017aec   0x00000004   Code   RO         2829    i.tuya_ble_common_uart_init  tuya_ble_port.o
    0x00017af0   0x00017af0   0x0000008c   Code   RO         2194    i.tuya_ble_common_uart_receive_data  tuya_ble_api.o
    0x00017b7c   0x00017b7c   0x0000000a   Code   RO         2830    i.tuya_ble_common_uart_send_data  tuya_ble_port.o
    0x00017b86   0x00017b86   0x00000002   Code   RO         2831    i.tuya_ble_connect_monitor_timer_init  tuya_ble_port.o
    0x00017b88   0x00017b88   0x00000018   Code   RO         2832    i.tuya_ble_connect_monitor_timer_start  tuya_ble_port.o
    0x00017ba0   0x00017ba0   0x00000010   Code   RO         2833    i.tuya_ble_connect_monitor_timer_stop  tuya_ble_port.o
    0x00017bb0   0x00017bb0   0x0000000c   Code   RO         2586    i.tuya_ble_connect_status_get  tuya_ble_main.o
    0x00017bbc   0x00017bbc   0x00000018   Code   RO         2587    i.tuya_ble_connect_status_set  tuya_ble_main.o
    0x00017bd4   0x00017bd4   0x00000016   Code   RO         2196    i.tuya_ble_connected_handler  tuya_ble_api.o
    0x00017bea   0x00017bea   0x00000002   PAD
    0x00017bec   0x00017bec   0x0000003c   Code   RO         3090    i.tuya_ble_crc16_compute  tuya_ble_utils.o
    0x00017c28   0x00017c28   0x0000003c   Code   RO         3091    i.tuya_ble_crc32_compute  tuya_ble_utils.o
    0x00017c64   0x00017c64   0x00000002   Code   RO         2032    i.tuya_ble_custom_app_production_test_process  custom_app_product_test.o
    0x00017c66   0x00017c66   0x00000002   Code   RO         2075    i.tuya_ble_custom_app_uart_common_process  custom_app_uart_common_handler.o
    0x00017c68   0x00017c68   0x00000134   Code   RO         3373    i.tuya_ble_decryption  tuya_ble_sdk_lib_bk3432.lib(tuya_ble_secure.o)
    0x00017d9c   0x00017d9c   0x00000036   Code   RO         3290    i.tuya_ble_dequeue  tuya_ble_queue.o
    0x00017dd2   0x00017dd2   0x00000008   Code   RO         2834    i.tuya_ble_device_delay_ms  tuya_ble_port.o
    0x00017dda   0x00017dda   0x0000000c   Code   RO         2835    i.tuya_ble_device_enter_critical  tuya_ble_port.o
    0x00017de6   0x00017de6   0x0000000c   Code   RO         2836    i.tuya_ble_device_exit_critical  tuya_ble_port.o
    0x00017df2   0x00017df2   0x0000008a   Code   RO         3092    i.tuya_ble_device_id_16_to_20  tuya_ble_utils.o
    0x00017e7c   0x00017e7c   0x00000086   Code   RO         3093    i.tuya_ble_device_id_20_to_16  tuya_ble_utils.o
    0x00017f02   0x00017f02   0x00000002   PAD
    0x00017f04   0x00017f04   0x00000098   Code   RO         3374    i.tuya_ble_device_id_encrypt  tuya_ble_sdk_lib_bk3432.lib(tuya_ble_secure.o)
    0x00017f9c   0x00017f9c   0x0000000c   Code   RO         2837    i.tuya_ble_device_reset  tuya_ble_port.o
    0x00017fa8   0x00017fa8   0x00000018   Code   RO         2838    i.tuya_ble_device_reset_time_delay_ms  tuya_ble_port.o
    0x00017fc0   0x00017fc0   0x0000002c   Code   RO         2371    i.tuya_ble_device_unbond  tuya_ble_data_handler.o
    0x00017fec   0x00017fec   0x00000016   Code   RO         2199    i.tuya_ble_disconnected_handler  tuya_ble_api.o
    0x00018002   0x00018002   0x0000007a   Code   RO         2200    i.tuya_ble_dp_data_report  tuya_ble_api.o
    0x0001807c   0x0001807c   0x000000c0   Code   RO         3375    i.tuya_ble_encrypt_old_with_key  tuya_ble_sdk_lib_bk3432.lib(tuya_ble_secure.o)
    0x0001813c   0x0001813c   0x000000cc   Code   RO         3376    i.tuya_ble_encryption  tuya_ble_sdk_lib_bk3432.lib(tuya_ble_secure.o)
    0x00018208   0x00018208   0x00000034   Code   RO         3291    i.tuya_ble_enqueue  tuya_ble_queue.o
    0x0001823c   0x0001823c   0x00000018   Code   RO         2589    i.tuya_ble_event_init  tuya_ble_main.o
    0x00018254   0x00018254   0x0000008c   Code   RO         2590    i.tuya_ble_event_process  tuya_ble_main.o
    0x000182e0   0x000182e0   0x0000000e   Code   RO         2591    i.tuya_ble_event_send  tuya_ble_main.o
    0x000182ee   0x000182ee   0x00000002   PAD
    0x000182f0   0x000182f0   0x000001c8   Code   RO         2372    i.tuya_ble_evt_process  tuya_ble_data_handler.o
    0x000184b8   0x000184b8   0x0000000e   Code   RO         2839    i.tuya_ble_free     tuya_ble_port.o
    0x000184c6   0x000184c6   0x0000000a   Code   RO         2840    i.tuya_ble_gap_advertising_adv_data_update  tuya_ble_port.o
    0x000184d0   0x000184d0   0x0000000a   Code   RO         2841    i.tuya_ble_gap_disconnect  tuya_ble_port.o
    0x000184da   0x000184da   0x0000002e   Code   RO         2206    i.tuya_ble_gatt_receive_data  tuya_ble_api.o
    0x00018508   0x00018508   0x0000000e   Code   RO         2842    i.tuya_ble_gatt_send_data  tuya_ble_port.o
    0x00018516   0x00018516   0x00000002   PAD
    0x00018518   0x00018518   0x00000058   Code   RO         3338    i.tuya_ble_gatt_send_data_enqueue  tuya_ble_gatt_send_queue.o
    0x00018570   0x00018570   0x0000007c   Code   RO         3339    i.tuya_ble_gatt_send_data_handle  tuya_ble_gatt_send_queue.o
    0x000185ec   0x000185ec   0x00000028   Code   RO         3340    i.tuya_ble_gatt_send_queue_free  tuya_ble_gatt_send_queue.o
    0x00018614   0x00018614   0x00000020   Code   RO         3341    i.tuya_ble_gatt_send_queue_init  tuya_ble_gatt_send_queue.o
    0x00018634   0x00018634   0x00000004   Code   RO         3292    i.tuya_ble_get_queue_used  tuya_ble_queue.o
    0x00018638   0x00018638   0x0000001e   Code   RO         2488    i.tuya_ble_handle_ble_cmd_evt  tuya_ble_event_handler.o
    0x00018656   0x00018656   0x00000008   Code   RO         2489    i.tuya_ble_handle_ble_data_evt  tuya_ble_event_handler.o
    0x0001865e   0x0001865e   0x00000002   PAD
    0x00018660   0x00018660   0x00000060   Code   RO         2490    i.tuya_ble_handle_connect_change_evt  tuya_ble_event_handler.o
    0x000186c0   0x000186c0   0x00000040   Code   RO         2491    i.tuya_ble_handle_data_prod_test_response_evt  tuya_ble_event_handler.o
    0x00018700   0x00018700   0x000000c8   Code   RO         2373    i.tuya_ble_handle_dev_info_req  tuya_ble_data_handler.o
    0x000187c8   0x000187c8   0x00000038   Code   RO         2492    i.tuya_ble_handle_device_info_update_evt  tuya_ble_event_handler.o
    0x00018800   0x00018800   0x00000064   Code   RO         2374    i.tuya_ble_handle_device_reset_req  tuya_ble_data_handler.o
    0x00018864   0x00018864   0x00000030   Code   RO         2493    i.tuya_ble_handle_dp_data_reported_evt  tuya_ble_event_handler.o
    0x00018894   0x00018894   0x00000084   Code   RO         2494    i.tuya_ble_handle_dp_data_with_flag_and_time_reported_evt  tuya_ble_event_handler.o
    0x00018918   0x00018918   0x00000078   Code   RO         2495    i.tuya_ble_handle_dp_data_with_flag_and_time_string_reported_evt  tuya_ble_event_handler.o
    0x00018990   0x00018990   0x00000030   Code   RO         2496    i.tuya_ble_handle_dp_data_with_flag_reported_evt  tuya_ble_event_handler.o
    0x000189c0   0x000189c0   0x00000074   Code   RO         2497    i.tuya_ble_handle_dp_data_with_time_reported_evt  tuya_ble_event_handler.o
    0x00018a34   0x00018a34   0x0000006c   Code   RO         2498    i.tuya_ble_handle_dp_data_with_time_string_reported_evt  tuya_ble_event_handler.o
    0x00018aa0   0x00018aa0   0x00000072   Code   RO         2375    i.tuya_ble_handle_dp_query_req  tuya_ble_data_handler.o
    0x00018b12   0x00018b12   0x000000a6   Code   RO         2376    i.tuya_ble_handle_dp_write_req  tuya_ble_data_handler.o
    0x00018bb8   0x00018bb8   0x0000002c   Code   RO         2499    i.tuya_ble_handle_factory_reset_evt  tuya_ble_event_handler.o
    0x00018be4   0x00018be4   0x00000046   Code   RO         1958    i.tuya_ble_handle_ota_req  app_tuya_ota.o
    0x00018c2a   0x00018c2a   0x00000002   PAD
    0x00018c2c   0x00018c2c   0x00000114   Code   RO         2377    i.tuya_ble_handle_pair_req  tuya_ble_data_handler.o
    0x00018d40   0x00018d40   0x00000034   Code   RO         2500    i.tuya_ble_handle_time_request_evt  tuya_ble_event_handler.o
    0x00018d74   0x00018d74   0x0000004e   Code   RO         2501    i.tuya_ble_handle_uart_cmd_evt  tuya_ble_event_handler.o
    0x00018dc2   0x00018dc2   0x00000002   PAD
    0x00018dc4   0x00018dc4   0x00000080   Code   RO         2378    i.tuya_ble_handle_unix_time_char_ms_resp  tuya_ble_data_handler.o
    0x00018e44   0x00018e44   0x0000008c   Code   RO         2379    i.tuya_ble_handle_unix_time_date_resp  tuya_ble_data_handler.o
    0x00018ed0   0x00018ed0   0x0000002a   Code   RO         2592    i.tuya_ble_inter_event_response  tuya_ble_main.o
    0x00018efa   0x00018efa   0x00000002   PAD
    0x00018efc   0x00018efc   0x00000248   Code   RO         3377    i.tuya_ble_key_generate  tuya_ble_sdk_lib_bk3432.lib(tuya_ble_secure.o)
    0x00019144   0x00019144   0x00000018   Code   RO         2843    i.tuya_ble_malloc   tuya_ble_port.o
    0x0001915c   0x0001915c   0x00000054   Code   RO         3378    i.tuya_ble_md5_crypt  tuya_ble_sdk_lib_bk3432.lib(tuya_ble_secure.o)
    0x000191b0   0x000191b0   0x00000028   Code   RO         2844    i.tuya_ble_message_send  tuya_ble_port.o
    0x000191d8   0x000191d8   0x0000007c   Code   RO         3048    i.tuya_ble_mytime_2_utc_sec  tuya_ble_unix_time.o
    0x00019254   0x00019254   0x0000002a   Code   RO         2845    i.tuya_ble_nv_erase  tuya_ble_port.o
    0x0001927e   0x0001927e   0x00000004   Code   RO         2846    i.tuya_ble_nv_init  tuya_ble_port.o
    0x00019282   0x00019282   0x00000010   Code   RO         2847    i.tuya_ble_nv_read  tuya_ble_port.o
    0x00019292   0x00019292   0x00000010   Code   RO         2848    i.tuya_ble_nv_write  tuya_ble_port.o
    0x000192a2   0x000192a2   0x00000002   PAD
    0x000192a4   0x000192a4   0x0000001c   Code   RO         2382    i.tuya_ble_pair_rand_clear  tuya_ble_data_handler.o
    0x000192c0   0x000192c0   0x0000000c   Code   RO         2383    i.tuya_ble_pair_rand_valid_get  tuya_ble_data_handler.o
    0x000192cc   0x000192cc   0x0000008c   Code   RO         3169    i.tuya_ble_prod_asciitohex  tuya_ble_app_production_test.o
    0x00019358   0x00019358   0x0000000a   Code   RO         2033    i.tuya_ble_prod_beacon_get_rssi_avg  custom_app_product_test.o
    0x00019362   0x00019362   0x00000004   Code   RO         2034    i.tuya_ble_prod_beacon_scan_start  custom_app_product_test.o
    0x00019366   0x00019366   0x00000004   Code   RO         2035    i.tuya_ble_prod_beacon_scan_stop  custom_app_product_test.o
    0x0001936a   0x0001936a   0x00000004   Code   RO         2036    i.tuya_ble_prod_gpio_test  custom_app_product_test.o
    0x0001936e   0x0001936e   0x0000001c   Code   RO         3293    i.tuya_ble_queue_decrease  tuya_ble_queue.o
    0x0001938a   0x0001938a   0x0000000a   Code   RO         3294    i.tuya_ble_queue_flush  tuya_ble_queue.o
    0x00019394   0x00019394   0x00000022   Code   RO         3295    i.tuya_ble_queue_get  tuya_ble_queue.o
    0x000193b6   0x000193b6   0x0000001e   Code   RO         3296    i.tuya_ble_queue_init  tuya_ble_queue.o
    0x000193d4   0x000193d4   0x0000003a   Code   RO         2849    i.tuya_ble_rand_generator  tuya_ble_port.o
    0x0001940e   0x0001940e   0x00000002   PAD
    0x00019410   0x00019410   0x0000002c   Code   RO         3379    i.tuya_ble_register_key_generate  tuya_ble_sdk_lib_bk3432.lib(tuya_ble_secure.o)
    0x0001943c   0x0001943c   0x0000001c   Code   RO         2384    i.tuya_ble_reset_ble_sn  tuya_ble_data_handler.o
    0x00019458   0x00019458   0x00000004   Code   RO         2851    i.tuya_ble_rtc_set_timestamp  tuya_ble_port.o
    0x0001945c   0x0001945c   0x000000b8   Code   RO         2208    i.tuya_ble_sdk_init  tuya_ble_api.o
    0x00019514   0x00019514   0x0000000c   Code   RO         2385    i.tuya_ble_set_device_version  tuya_ble_data_handler.o
    0x00019520   0x00019520   0x00000010   Code   RO         2987    i.tuya_ble_storage_init  tuya_ble_storage.o
    0x00019530   0x00019530   0x00000100   Code   RO         2988    i.tuya_ble_storage_load_settings  tuya_ble_storage.o
    0x00019630   0x00019630   0x0000006c   Code   RO         2990    i.tuya_ble_storage_save_auth_settings  tuya_ble_storage.o
    0x0001969c   0x0001969c   0x000000b0   Code   RO         2991    i.tuya_ble_storage_save_sys_settings  tuya_ble_storage.o
    0x0001974c   0x0001974c   0x000000e8   Code   RO         2992    i.tuya_ble_storage_write_auth_key_device_id_mac  tuya_ble_storage.o
    0x00019834   0x00019834   0x00000038   Code   RO         2993    i.tuya_ble_storage_write_hid  tuya_ble_storage.o
    0x0001986c   0x0001986c   0x00000010   Code   RO         3270    i.tuya_ble_uart_common_process  tuya_ble_app_uart_common_handler.o
    0x0001987c   0x0001987c   0x00000054   Code   RO         3174    i.tuya_ble_uart_prod_send  tuya_ble_app_production_test.o
    0x000198d0   0x000198d0   0x00000014   Code   RO         2210    i.tuya_ble_vtimer_connect_monitor_callback  tuya_ble_api.o
    0x000198e4   0x000198e4   0x00000010   Code   RO         3175    i.tuya_ble_vtimer_prod_monitor_callback  tuya_ble_app_production_test.o
    0x000198f4   0x000198f4   0x00000048   Code   RO         1920    i.tuya_cb_handler   app_tuya.o
    0x0001993c   0x0001993c   0x00000110   Code   RO         1959    i.tuya_ota_data_req  app_tuya_ota.o
    0x00019a4c   0x00019a4c   0x00000098   Code   RO         1960    i.tuya_ota_end_req  app_tuya_ota.o
    0x00019ae4   0x00019ae4   0x00000108   Code   RO         1961    i.tuya_ota_file_info_req  app_tuya_ota.o
    0x00019bec   0x00019bec   0x00000030   Code   RO         1962    i.tuya_ota_init     app_tuya_ota.o
    0x00019c1c   0x00019c1c   0x00000018   Code   RO         1963    i.tuya_ota_init_disconnect  app_tuya_ota.o
    0x00019c34   0x00019c34   0x0000007c   Code   RO         1964    i.tuya_ota_offset_req  app_tuya_ota.o
    0x00019cb0   0x00019cb0   0x00000054   Code   RO         1965    i.tuya_ota_start_req  app_tuya_ota.o
    0x00019d04   0x00019d04   0x00000028   Code   RO         1852    i.tuyas_char_notify_level_ntf_cfg_ind_handler  app_tuya_service.o
    0x00019d2c   0x00019d2c   0x00000004   Code   RO         1853    i.tuyas_char_notify_level_upd_handler  app_tuya_service.o
    0x00019d30   0x00019d30   0x00000038   Code   RO         1536    i.tuyas_char_notify_level_upd_req_handler  tuya_service_task.o
    0x00019d68   0x00019d68   0x0000001c   Code   RO         1854    i.tuyas_char_notify_period_ntf_handler  app_tuya_service.o
    0x00019d84   0x00019d84   0x00000054   Code   RO         1855    i.tuyas_char_write_writer_req_handler  app_tuya_service.o
    0x00019dd8   0x00019dd8   0x0000000c   Code   RO         1460    i.tuyas_cleanup     tuya_service.o
    0x00019de4   0x00019de4   0x0000000c   Code   RO         1461    i.tuyas_create      tuya_service.o
    0x00019df0   0x00019df0   0x0000001c   Code   RO         1462    i.tuyas_destroy     tuya_service.o
    0x00019e0c   0x00019e0c   0x00000030   Code   RO         1463    i.tuyas_get_att_handle  tuya_service.o
    0x00019e3c   0x00019e3c   0x0000003c   Code   RO         1464    i.tuyas_get_att_idx  tuya_service.o
    0x00019e78   0x00019e78   0x000000d0   Code   RO         1465    i.tuyas_init        tuya_service.o
    0x00019f48   0x00019f48   0x00000040   Code   RO         1466    i.tuyas_notify_value_lvl  tuya_service.o
    0x00019f88   0x00019f88   0x00000008   Code   RO         1467    i.tuyas_prf_itf_get  tuya_service.o
    0x00019f90   0x00019f90   0x000000a4   Code   RO         1273    i.uart2_init        uart2.o
    0x0001a034   0x0001a034   0x00000080   Code   RO         1274    i.uart2_isr         uart2.o
    0x0001a0b4   0x0001a0b4   0x00000020   Code   RO         1276    i.uart2_send        uart2.o
    0x0001a0d4   0x0001a0d4   0x00000024   Code   RO         1128    i.uart_clear_rxfifo  uart.o
    0x0001a0f8   0x0001a0f8   0x0000001c   Code   RO         1129    i.uart_finish_transfers  uart.o
    0x0001a114   0x0001a114   0x00000004   Code   RO         1130    i.uart_flow_off     uart.o
    0x0001a118   0x0001a118   0x00000002   Code   RO         1131    i.uart_flow_on      uart.o
    0x0001a11a   0x0001a11a   0x00000002   PAD
    0x0001a11c   0x0001a11c   0x000000b0   Code   RO         1132    i.uart_init         uart.o
    0x0001a1cc   0x0001a1cc   0x00000074   Code   RO         1133    i.uart_isr          uart.o
    0x0001a240   0x0001a240   0x00000040   Code   RO         1135    i.uart_printf       uart.o
    0x0001a280   0x0001a280   0x00000028   Code   RO         1137    i.uart_putchar      uart.o
    0x0001a2a8   0x0001a2a8   0x0000007c   Code   RO         1138    i.uart_read         uart.o
    0x0001a324   0x0001a324   0x000000b0   Code   RO         1140    i.uart_write        uart.o
    0x0001a3d4   0x0001a3d4   0x00000024   Code   RO         1091    i.wdt_disable       wdt.o
    0x0001a3f8   0x0001a3f8   0x00000030   Code   RO         1092    i.wdt_enable        wdt.o
    0x0001a428   0x0001a428   0x00000024   Code   RO         1093    i.wdt_feed          wdt.o
    0x0001a44c   0x0001a44c   0x00000010   Code   RO         2106    i.xtime             tuya_ble_aes.o
    0x0001a45c   0x0001a45c   0x0000002e   Data   RO           20    .constdata          arch_main.o
    0x0001a48a   0x0001a48a   0x00000002   PAD
    0x0001a48c   0x0001a48c   0x00000040   Data   RO         1468    .constdata          tuya_service.o
    0x0001a4cc   0x0001a4cc   0x00000028   Data   RO         1537    .constdata          tuya_service_task.o
    0x0001a4f4   0x0001a4f4   0x00000008   Data   RO         1538    .constdata          tuya_service_task.o
    0x0001a4fc   0x0001a4fc   0x00000014   Data   RO         1660    .constdata          app.o
    0x0001a510   0x0001a510   0x00000088   Data   RO         1747    .constdata          app_task.o
    0x0001a598   0x0001a598   0x00000008   Data   RO         1748    .constdata          app_task.o
    0x0001a5a0   0x0001a5a0   0x0000009c   Data   RO         1749    .constdata          app_task.o
    0x0001a63c   0x0001a63c   0x00000028   Data   RO         1857    .constdata          app_tuya_service.o
    0x0001a664   0x0001a664   0x00000008   Data   RO         1858    .constdata          app_tuya_service.o
    0x0001a66c   0x0001a66c   0x0000001a   Data   RO         1859    .constdata          app_tuya_service.o
    0x0001a686   0x0001a686   0x000002ff   Data   RO         2108    .constdata          tuya_ble_aes.o
    0x0001a985   0x0001a985   0x0000003a   Data   RO         2594    .constdata          tuya_ble_main.o
    0x0001a9bf   0x0001a9bf   0x0000000c   Data   RO         3051    .constdata          tuya_ble_unix_time.o
    0x0001a9cb   0x0001a9cb   0x00000001   PAD
    0x0001a9cc   0x0001a9cc   0x00000004   Data   RO         3097    .constdata          tuya_ble_utils.o
    0x0001a9d0   0x0001a9d0   0x00000054   Data   RO         3176    .constdata          tuya_ble_app_production_test.o
    0x0001aa24   0x0001aa24   0x00000081   Data   RO         3751    .constdata          mc_5.l(ctype_o.o)
    0x0001aaa5   0x0001aaa5   0x00000003   PAD
    0x0001aaa8   0x0001aaa8   0x00000004   Data   RO         3752    .constdata          mc_5.l(ctype_o.o)


    Execution Region RAM_DATA (Exec base: 0x00400600, Load base: 0x0001aaac, Size: 0x000000b0, Max: 0xffffffff, ABSOLUTE)

    Exec Addr    Load Addr    Size         Type   Attr      Idx    E Section Name        Object

    0x00400600   0x0001aaac   0x0000002c   Data   RW          795    .data               gpio.o
    0x0040062c   0x0001aad8   0x00000002   Data   RW         1094    .data               wdt.o
    0x0040062e   0x0001aada   0x00000002   PAD
    0x00400630   0x0001aadc   0x00000010   Data   RW         1142    .data               uart.o
    0x00400640   0x0001aaec   0x0000000c   Data   RW         1278    .data               uart2.o
    0x0040064c   0x0001aaf8   0x00000001   Data   RW         1750    .data               app_task.o
    0x0040064d   0x0001aaf9   0x00000002   Data   RW         1860    .data               app_tuya_service.o
    0x0040064f   0x0001aafb   0x00000001   PAD
    0x00400650   0x0001aafc   0x00000002   Data   RW         1923    .data               app_tuya.o
    0x00400652   0x0001aafe   0x00000008   Data   RW         1969    .data               app_tuya_ota.o
    0x0040065a   0x0001ab06   0x00000002   PAD
    0x0040065c   0x0001ab08   0x0000000c   Data   RW         2109    .data               tuya_ble_aes.o
    0x00400668   0x0001ab14   0x00000009   Data   RW         2212    .data               tuya_ble_api.o
    0x00400671   0x0001ab1d   0x00000003   PAD
    0x00400674   0x0001ab20   0x0000002c   Data   RW         2387    .data               tuya_ble_data_handler.o
    0x004006a0   0x0001ab4c   0x00000008   Data   RW         2595    .data               tuya_ble_main.o
    0x004006a8   0x0001ab54   0x00000001   Data   RW         2751    .data               tuya_ble_mutli_tsf_protocol.o
    0x004006a9   0x0001ab55   0x00000002   Data   RW         3177    .data               tuya_ble_app_production_test.o
    0x004006ab   0x0001ab57   0x00000001   Data   RW         3343    .data               tuya_ble_gatt_send_queue.o
    0x004006ac   0x0001ab58   0x00000004   Data   RW         3730    .data               mc_5.l(errno.o)


    Execution Region RAM_BSS (Exec base: 0x004006b0, Load base: 0x0001ab5c, Size: 0x00002198, Max: 0xffffffff, ABSOLUTE)

    Exec Addr    Load Addr    Size         Type   Attr      Idx    E Section Name        Object

    0x004006b0        -       0x00000010   Zero   RW           19    .bss                arch_main.o
    0x004006c0        -       0x0000000c   Zero   RW          512    .bss                rwip.o
    0x004006cc        -       0x0000000c   Zero   RW          696    .bss                flash.o
    0x004006d8        -       0x00000014   Zero   RW          994    .bss                pwm.o
    0x004006ec        -       0x000000d4   Zero   RW         1141    .bss                uart.o
    0x004007c0        -       0x00000054   Zero   RW         1277    .bss                uart2.o
    0x00400814        -       0x00000024   Zero   RW         1382    .bss                rf_xvr.o
    0x00400838        -       0x00000030   Zero   RW         1584    .bss                prf.o
    0x00400868        -       0x00000028   Zero   RW         1659    .bss                app.o
    0x00400890        -       0x00000172   Zero   RW         1921    .bss                app_tuya.o
    0x00400a02   0x0001ab5c   0x00000002   PAD
    0x00400a04        -       0x00000250   Zero   RW         1968    .bss                app_tuya_ota.o
    0x00400c54        -       0x000000b0   Zero   RW         2107    .bss                tuya_ble_aes.o
    0x00400d04        -       0x0000012c   Zero   RW         2211    .bss                tuya_ble_api.o
    0x00400e30        -       0x00000064   Zero   RW         2386    .bss                tuya_ble_data_handler.o
    0x00400e94        -       0x0000023a   Zero   RW         2593    .bss                tuya_ble_main.o
    0x004010ce   0x0001ab5c   0x00000002   PAD
    0x004010d0        -       0x000000ac   Zero   RW         3342    .bss                tuya_ble_gatt_send_queue.o
    0x0040117c        -       0x00000210   Zero   RW         3380    .bss                tuya_ble_sdk_lib_bk3432.lib(tuya_ble_secure.o)
    0x0040138c        -       0x000014bc   Zero   RW          513    ke_heap             rwip.o


    Execution Region RAM_STACK_UNUSED (Exec base: 0x0040330c, Load base: 0x0001ab5c, Size: 0x00000020, Max: 0x00000020, ABSOLUTE)

    Exec Addr    Load Addr    Size         Type   Attr      Idx    E Section Name        Object

    0x0040330c        -       0x00000020   Zero   RW            1    RAM_STACK_UNUSED.bss  anon$$obj.o


    Execution Region RAM_STACK_SVC (Exec base: 0x0040332c, Load base: 0x0001ab5c, Size: 0x000006f0, Max: 0x000006f0, ABSOLUTE)

    Exec Addr    Load Addr    Size         Type   Attr      Idx    E Section Name        Object

    0x0040332c        -       0x000006f0   Zero   RW            2    RAM_STACK_SVC.bss   anon$$obj.o


    Execution Region RAM_STACK_IRQ (Exec base: 0x00403a1c, Load base: 0x0001ab5c, Size: 0x000002f0, Max: 0x000002f0, ABSOLUTE)

    Exec Addr    Load Addr    Size         Type   Attr      Idx    E Section Name        Object

    0x00403a1c        -       0x000002f0   Zero   RW            3    RAM_STACK_IRQ.bss   anon$$obj.o


    Execution Region RAM_STACK_FIQ (Exec base: 0x00403d0c, Load base: 0x0001ab5c, Size: 0x000002f0, Max: 0x000002f0, ABSOLUTE)

    Exec Addr    Load Addr    Size         Type   Attr      Idx    E Section Name        Object

    0x00403d0c        -       0x000002f0   Zero   RW            4    RAM_STACK_FIQ.bss   anon$$obj.o


==============================================================================

Image component sizes


      Code (inc. data)   RO Data    RW Data    ZI Data      Debug   Object Name

       584        160         20          0         40       9122   app.o
      1584        670        300          1          0      14093   app_task.o
       180         36          0          2        370       3223   app_tuya.o
      1158         72          0          8        592       9189   app_tuya_ota.o
       300         98         74          2          0       6769   app_tuya_service.o
       948        460         46          0         16      86224   arch_main.o
       500         76          0          0          0        380   boot_handlers.o
        92         32          0          0          0        324   boot_vectors.o
        24          0          0          0          0       3835   custom_app_product_test.o
         2          0          0          0          0       1718   custom_app_uart_common_handler.o
        24          4          0          0          0       1107   emi.o
       504         64          0          0         12       7684   flash.o
        56         16          0         44          0       1937   gpio.o
        92         16          0          0          0        999   icu.o
       256         22          0          0          0     109978   intc.o
       564         30          0          0         48       9032   prf.o
        60          8          0          0         20       4718   pwm.o
       958        234          0          0         36     113292   rf_xvr.o
       262          4          0          0          0     109175   rwble.o
        56          0          0          0          0       2097   rwble_hl.o
       172         24          0          0       5320       6363   rwip.o
         2          0          0          0          0        477   timer.o
      2036         84        767         12        176      11897   tuya_ble_aes.o
       848         42          0          9        300      24275   tuya_ble_api.o
      1960        422         84          2          0      10578   tuya_ble_app_production_test.o
        16          0          0          0          0       1779   tuya_ble_app_uart_common_handler.o
      2788        134          0         44        100      18647   tuya_ble_data_handler.o
      1000         50          0          0          0      11115   tuya_ble_event_handler.o
       284         34          0          1        172       3563   tuya_ble_gatt_send_queue.o
       560         68         58          8        570       6975   tuya_ble_main.o
      2554        266          0          0          0       8635   tuya_ble_md5.o
       782          4          0          1          0       8568   tuya_ble_mutli_tsf_protocol.o
       376         22          0          0          0      14734   tuya_ble_port.o
       212          0          0          0          0       4904   tuya_ble_queue.o
       878         38          0          0          0       7409   tuya_ble_storage.o
       208         14         12          0          0       3148   tuya_ble_unix_time.o
       448         14          4          0          0       5548   tuya_ble_utils.o
       440         16         64          0          0      14868   tuya_service.o
       520         24         48          0          0      11515   tuya_service_task.o
       790        232          0         16        212      16842   uart.o
       324         54          0         12         84      10658   uart2.o
       120         26          0          2          0       1885   wdt.o

    ----------------------------------------------------------------------
     25620       3590       1480        172      11384     699279   Object Totals
        48         20          0          0       3312          0   (incl. Generated)
        50          0          3          8          4          0   (incl. Padding)

    ----------------------------------------------------------------------

      Code (inc. data)   RO Data    RW Data    ZI Data      Debug   Library Member Name

       138          0          0          0          0         80   __strtoll.o
        30          0          0          0          0         60   _chval.o
       216          0          0          0          0         84   _strtoull.o
        26          0          0          0          0         72   atoll.o
         8          4        133          0          0         60   ctype_o.o
         8          4          0          4          0         60   errno.o
         0          0          0          0          0          0   iusefp.o
       126          0          0          0          0         84   llmul.o
        32          0          0          0          0         68   llshl.o
        38          0          0          0          0         68   llsshr.o
        34          0          0          0          0         68   llushr.o
      2314         98          0          0          0        544   printfa.o
        14          0          0          0          0         60   strlen.o
        96          0          0          0          0         84   uldiv.o
        40          2          0          0          0         68   cdrcmple.o
       356          4          0          0          0        140   dadd.o
       240          6          0          0          0         84   ddiv.o
       190          0          0          0          0        156   depilogue.o
        64         10          0          0          0         68   dfixul.o
       208          6          0          0          0         88   dmul.o
      1864         24          0          0        528      21518   tuya_ble_secure.o

    ----------------------------------------------------------------------
      6048        158        136          4        528      23514   Library Totals
         6          0          3          0          0          0   (incl. Padding)

    ----------------------------------------------------------------------

      Code (inc. data)   RO Data    RW Data    ZI Data      Debug   Library Name

      3080        106        133          4          0       1392   mc_5.l
      1098         28          0          0          0        604   mf_5.l
      1864         24          0          0        528      21518   tuya_ble_sdk_lib_bk3432.lib

    ----------------------------------------------------------------------
      6048        158        136          4        528      23514   Library Totals

    ----------------------------------------------------------------------

==============================================================================


      Code (inc. data)   RO Data    RW Data    ZI Data      Debug   

     31668       3748       1616        176      11912     709153   Grand Totals
     31668       3748       1616        176      11912     709153   ELF Image Totals
     31668       3748       1616        176          0          0   ROM Totals

==============================================================================

    Total RO  Size (Code + RO Data)                33284 (  32.50kB)
    Total RW  Size (RW Data + ZI Data)             12088 (  11.80kB)
    Total ROM Size (Code + RO Data + RW Data)      33460 (  32.68kB)

==============================================================================

