Component: ARM Compiler 5.06 update 6 (build 750) Tool: armlink [4d35ed]

==============================================================================

Section Cross References

    bim_app.o(i.bim_main) refers to bim_app.o(i.updata_memset32) for updata_memset32
    bim_app.o(i.bim_main) refers to bim_app.o(i.bim_icu_init) for bim_icu_init
    bim_app.o(i.bim_main) refers to bim_flash.o(i.bim_flash_init) for bim_flash_init
    bim_app.o(i.bim_main) refers to bim_updataimage.o(i.bim_select_sec) for bim_select_sec
    bim_intc.o(i.DataAbort_Exception) refers to bim_flash.o(i.bim_wdt_enable) for bim_wdt_enable
    bim_intc.o(i.Irq_Exception) refers to bim_uart.o(i.bim_uart_isr) for bim_uart_isr
    bim_intc.o(i.PrefetchAbort_Exception) refers to bim_flash.o(i.bim_wdt_enable) for bim_wdt_enable
    bim_intc.o(i.Reserved_Exception) refers to bim_flash.o(i.bim_wdt_enable) for bim_wdt_enable
    bim_intc.o(i.SoftwareInterrupt_Exception) refers to bim_flash.o(i.bim_wdt_enable) for bim_wdt_enable
    bim_intc.o(i.Undefined_Exception) refers to bim_flash.o(i.bim_wdt_enable) for bim_wdt_enable
    bim_vectors.o(SYS_BOOT) refers to bim_handlers.o(SYS_BOOT) for sys_Reset
    bim_vectors.o(SYS_BOOT) refers to bim_intc.o(i.Undefined_Exception) for Undefined_Exception
    bim_vectors.o(SYS_BOOT) refers to bim_intc.o(i.SoftwareInterrupt_Exception) for SoftwareInterrupt_Exception
    bim_vectors.o(SYS_BOOT) refers to bim_intc.o(i.PrefetchAbort_Exception) for PrefetchAbort_Exception
    bim_vectors.o(SYS_BOOT) refers to bim_intc.o(i.DataAbort_Exception) for DataAbort_Exception
    bim_vectors.o(SYS_BOOT) refers to bim_intc.o(i.Irq_Exception) for Irq_Exception
    bim_vectors.o(SYS_BOOT) refers to bim_intc.o(i.Reserved_Exception) for Reserved_Exception
    bim_handlers.o(SYS_BOOT) refers to bim_app.o(i.bim_main) for bim_main
    bim_flash.o(i.bim_flash_erase) refers to bim_flash.o(i.bim_flash_erase_sector) for bim_flash_erase_sector
    bim_flash.o(i.bim_flash_erase_sector) refers to bim_flash.o(i.bim_flash_writeKey) for bim_flash_writeKey
    bim_flash.o(i.bim_flash_erase_sector) refers to bim_flash.o(i.bim_flash_unlock) for bim_flash_unlock
    bim_flash.o(i.bim_flash_erase_sector) refers to bim_flash.o(i.bim_flash_start) for bim_flash_start
    bim_flash.o(i.bim_flash_erase_sector) refers to bim_flash.o(i.bim_flash_status) for bim_flash_status
    bim_flash.o(i.bim_flash_erase_sector) refers to bim_flash.o(i.bim_flash_clearKey) for bim_flash_clearKey
    bim_flash.o(i.bim_flash_init) refers to bim_flash.o(.bss) for .bss
    bim_flash.o(i.bim_flash_read) refers to bim_flash.o(i.bim_flash_readword) for bim_flash_readword
    bim_flash.o(i.bim_flash_read) refers to memcpya.o(.text) for __aeabi_memcpy
    bim_flash.o(i.bim_flash_read) refers to bim_flash.o(.bss) for .bss
    bim_flash.o(i.bim_flash_readword) refers to bim_flash.o(i.bim_flash_writeKey) for bim_flash_writeKey
    bim_flash.o(i.bim_flash_readword) refers to bim_flash.o(i.bim_flash_unlock) for bim_flash_unlock
    bim_flash.o(i.bim_flash_readword) refers to bim_flash.o(i.bim_flash_start) for bim_flash_start
    bim_flash.o(i.bim_flash_readword) refers to bim_flash.o(i.bim_flash_status) for bim_flash_status
    bim_flash.o(i.bim_flash_readword) refers to bim_flash.o(i.bim_flash_clearKey) for bim_flash_clearKey
    bim_flash.o(i.bim_flash_write) refers to bim_flash.o(i.bim_flash_writeword) for bim_flash_writeword
    bim_flash.o(i.bim_flash_write) refers to bim_flash.o(.bss) for .bss
    bim_flash.o(i.bim_flash_writeword) refers to bim_flash.o(i.bim_flash_writeKey) for bim_flash_writeKey
    bim_flash.o(i.bim_flash_writeword) refers to bim_flash.o(i.bim_flash_unlock) for bim_flash_unlock
    bim_flash.o(i.bim_flash_writeword) refers to bim_flash.o(i.bim_flash_start) for bim_flash_start
    bim_flash.o(i.bim_flash_writeword) refers to bim_flash.o(i.bim_flash_status) for bim_flash_status
    bim_flash.o(i.bim_flash_writeword) refers to bim_flash.o(i.bim_flash_clearKey) for bim_flash_clearKey
    bim_updataimage.o(i.bim_check_backup_sec_status) refers to bim_updataimage.o(i.bim_get_psec_backup_header) for bim_get_psec_backup_header
    bim_updataimage.o(i.bim_check_backup_sec_status) refers to bim_updataimage.o(i.calc_backup_sec_crc) for calc_backup_sec_crc
    bim_updataimage.o(i.bim_check_backup_sec_status) refers to bim_uart.o(i.bim_uart_write) for bim_uart_write
    bim_updataimage.o(i.bim_check_backup_sec_status) refers to bim_uart.o(i.bim_uart_printf_null) for bim_uart_printf_null
    bim_updataimage.o(i.bim_check_backup_sec_status) refers to bim_updataimage.o(.bss) for .bss
    bim_updataimage.o(i.bim_check_image_sec_status) refers to bim_updataimage.o(i.bim_get_psec_image_header) for bim_get_psec_image_header
    bim_updataimage.o(i.bim_check_image_sec_status) refers to bim_updataimage.o(i.calc_image_sec_crc) for calc_image_sec_crc
    bim_updataimage.o(i.bim_check_image_sec_status) refers to bim_uart.o(i.bim_uart_write) for bim_uart_write
    bim_updataimage.o(i.bim_check_image_sec_status) refers to bim_flash.o(i.bim_flash_write) for bim_flash_write
    bim_updataimage.o(i.bim_check_image_sec_status) refers to bim_flash.o(i.bim_flash_read) for bim_flash_read
    bim_updataimage.o(i.bim_check_image_sec_status) refers to bim_updataimage.o(.bss) for .bss
    bim_updataimage.o(i.bim_erase_backup_sec) refers to bim_uart.o(i.bim_uart_write) for bim_uart_write
    bim_updataimage.o(i.bim_erase_backup_sec) refers to bim_flash.o(i.bim_flash_erase_sector) for bim_flash_erase_sector
    bim_updataimage.o(i.bim_erase_image_sec) refers to bim_uart.o(i.bim_uart_write) for bim_uart_write
    bim_updataimage.o(i.bim_erase_image_sec) refers to bim_flash.o(i.bim_flash_erase_sector) for bim_flash_erase_sector
    bim_updataimage.o(i.bim_erase_image_sec) refers to bim_uart.o(i.bim_uart_printf_null) for bim_uart_printf_null
    bim_updataimage.o(i.bim_erase_image_sec) refers to bim_updataimage.o(.bss) for .bss
    bim_updataimage.o(i.bim_get_psec_backup_header) refers to bim_uart.o(i.bim_uart_printf_null) for bim_uart_printf_null
    bim_updataimage.o(i.bim_get_psec_backup_header) refers to bim_flash.o(i.bim_flash_read) for bim_flash_read
    bim_updataimage.o(i.bim_get_psec_backup_header) refers to bim_updataimage.o(.bss) for .bss
    bim_updataimage.o(i.bim_get_psec_image_header) refers to bim_uart.o(i.bim_printf) for bim_printf
    bim_updataimage.o(i.bim_get_psec_image_header) refers to bim_uart.o(i.bim_uart_write) for bim_uart_write
    bim_updataimage.o(i.bim_get_psec_image_header) refers to bim_flash.o(i.bim_flash_read) for bim_flash_read
    bim_updataimage.o(i.bim_get_psec_image_header) refers to bim_updataimage.o(.bss) for .bss
    bim_updataimage.o(i.bim_select_sec) refers to bim_updataimage.o(i.bim_check_backup_sec_status) for bim_check_backup_sec_status
    bim_updataimage.o(i.bim_select_sec) refers to bim_updataimage.o(i.bim_erase_image_sec) for bim_erase_image_sec
    bim_updataimage.o(i.bim_select_sec) refers to bim_updataimage.o(i.bim_updata_backup_to_image_sec) for bim_updata_backup_to_image_sec
    bim_updataimage.o(i.bim_select_sec) refers to bim_updataimage.o(i.bim_check_image_sec_status) for bim_check_image_sec_status
    bim_updataimage.o(i.bim_select_sec) refers to bim_flash.o(i.bim_wdt_enable) for bim_wdt_enable
    bim_updataimage.o(i.bim_select_sec) refers to bim_uart.o(i.bim_uart_write) for bim_uart_write
    bim_updataimage.o(i.bim_select_sec) refers to bim_updataimage.o(i.bim_erase_backup_sec) for bim_erase_backup_sec
    bim_updataimage.o(i.bim_updata_backup_to_image_sec) refers to bim_uart.o(i.bim_uart_write) for bim_uart_write
    bim_updataimage.o(i.bim_updata_backup_to_image_sec) refers to bim_uart.o(i.bim_printf) for bim_printf
    bim_updataimage.o(i.bim_updata_backup_to_image_sec) refers to bim_flash.o(i.bim_flash_read) for bim_flash_read
    bim_updataimage.o(i.bim_updata_backup_to_image_sec) refers to bim_flash.o(i.bim_flash_write) for bim_flash_write
    bim_updataimage.o(i.bim_updata_backup_to_image_sec) refers to bim_updataimage.o(.bss) for .bss
    bim_updataimage.o(i.calc_backup_sec_crc) refers to bim_uart.o(i.bim_uart_printf_null) for bim_uart_printf_null
    bim_updataimage.o(i.calc_backup_sec_crc) refers to bim_uart.o(i.make_crc32_table) for make_crc32_table
    bim_updataimage.o(i.calc_backup_sec_crc) refers to bim_uart.o(i.bim_printf) for bim_printf
    bim_updataimage.o(i.calc_backup_sec_crc) refers to bim_uart.o(i.bim_uart_write) for bim_uart_write
    bim_updataimage.o(i.calc_backup_sec_crc) refers to bim_flash.o(i.bim_flash_read) for bim_flash_read
    bim_updataimage.o(i.calc_backup_sec_crc) refers to bim_uart.o(i.make_crc32) for make_crc32
    bim_updataimage.o(i.calc_backup_sec_crc) refers to memcmp.o(.text) for memcmp
    bim_updataimage.o(i.calc_backup_sec_crc) refers to bim_updataimage.o(.constdata) for .constdata
    bim_updataimage.o(i.calc_backup_sec_crc) refers to bim_updataimage.o(.bss) for .bss
    bim_updataimage.o(i.calc_image_sec_crc) refers to bim_uart.o(i.bim_uart_printf_null) for bim_uart_printf_null
    bim_updataimage.o(i.calc_image_sec_crc) refers to bim_uart.o(i.make_crc32_table) for make_crc32_table
    bim_updataimage.o(i.calc_image_sec_crc) refers to bim_flash.o(i.bim_flash_read) for bim_flash_read
    bim_updataimage.o(i.calc_image_sec_crc) refers to bim_uart.o(i.make_crc32) for make_crc32
    bim_updataimage.o(i.calc_image_sec_crc) refers to memcmp.o(.text) for memcmp
    bim_updataimage.o(i.calc_image_sec_crc) refers to bim_updataimage.o(.constdata) for .constdata
    bim_updataimage.o(i.calc_image_sec_crc) refers to bim_updataimage.o(.bss) for .bss
    bim_uart.o(i.bim_uart_isr) refers to bim_uart.o(.data) for .data
    bim_uart.o(i.bim_uart_isr) refers to bim_uart.o(.bss) for .bss
    bim_uart.o(i.bim_uart_send_byte) refers to bim_uart.o(i.bim_uart_fifo_empty_getf) for bim_uart_fifo_empty_getf
    bim_uart.o(i.itoa_my) refers to memcpya.o(.text) for __aeabi_memcpy4
    bim_uart.o(i.itoa_my) refers to memseta.o(.text) for __aeabi_memclr4
    bim_uart.o(i.itoa_my) refers to idiv.o(.text) for __aeabi_idivmod
    bim_uart.o(i.make_crc32) refers to bim_uart.o(.bss) for .bss
    bim_uart.o(i.make_crc32_table) refers to bim_uart.o(.bss) for .bss
    idiv.o(.text) refers to uidiv.o(.text) for __aeabi_uidivmod


==============================================================================

Removing Unused input sections from the image.

    Removing bim_flash.o(i.bim_flash_erase), (32 bytes).
    Removing bim_flash.o(i.bim_wdt_disable), (28 bytes).
    Removing bim_uart.o(i.bim_delay_ms), (36 bytes).
    Removing bim_uart.o(i.bim_uart_deinit), (36 bytes).
    Removing bim_uart.o(i.bim_uart_fifo_empty_getf), (16 bytes).
    Removing bim_uart.o(i.bim_uart_init), (96 bytes).
    Removing bim_uart.o(i.bim_uart_printf), (4 bytes).
    Removing bim_uart.o(i.bim_uart_putchar), (40 bytes).
    Removing bim_uart.o(i.bim_uart_send_byte), (24 bytes).
    Removing bim_uart.o(i.itoa_my), (136 bytes).
    Removing bim_uart.o(i.uart_send), (28 bytes).
    Removing bim_uart.o(.bss), (16 bytes).
    Removing bim_uart.o(.bss), (4104 bytes).
    Removing bim_uart.o(.bss), (512 bytes).
    Removing bim_uart.o(.data), (1 bytes).
    Removing bim_uart.o(.data), (1 bytes).

16 unused section(s) (total 5110 bytes) removed from the image.

==============================================================================

Adding Veneers to the image

    Adding AT veneer (8 bytes, Inline) for call to 'DataAbort_Exception' from bim_vectors.o(SYS_BOOT).
    Adding AT veneer (8 bytes, Inline) for call to 'PrefetchAbort_Exception' from bim_vectors.o(SYS_BOOT).
    Adding AT veneer (8 bytes, Inline) for call to 'Reserved_Exception' from bim_vectors.o(SYS_BOOT).
    Adding AT veneer (8 bytes, Inline) for call to 'SoftwareInterrupt_Exception' from bim_vectors.o(SYS_BOOT).
    Adding AT veneer (8 bytes, Inline) for call to 'Undefined_Exception' from bim_vectors.o(SYS_BOOT).
    Adding AT veneer (8 bytes, Inline) for call to 'bim_main' from bim_handlers.o(SYS_BOOT).
    Adding AT veneer (8 bytes, Inline) for call to 'bim_uart_isr' from bim_intc.o(i.Irq_Exception).

7 Veneer(s) (total 56 bytes) added to the image.

==============================================================================

Image Symbol Table

    Local Symbols

    Symbol Name                              Value     Ov Type        Size  Object(Section)

    SYS_BOOT                                 0x00000000   Section      116  bim_vectors.o(SYS_BOOT)
    ../clib/microlib/division.c              0x00000000   Number         0  uidiv.o ABSOLUTE
    ../clib/microlib/division.c              0x00000000   Number         0  idiv.o ABSOLUTE
    ../clib/microlib/string/memcmp.c         0x00000000   Number         0  memcmp.o ABSOLUTE
    ../clib/microlib/string/memcpy.c         0x00000000   Number         0  memcpyb.o ABSOLUTE
    ../clib/microlib/string/memcpy.c         0x00000000   Number         0  memcpya.o ABSOLUTE
    ../clib/microlib/string/memset.c         0x00000000   Number         0  memseta.o ABSOLUTE
    app\bim_app.c                            0x00000000   Number         0  bim_app.o ABSOLUTE
    app\bim_flash.c                          0x00000000   Number         0  bim_flash.o ABSOLUTE
    app\bim_handlers.s                       0x00000000   Number         0  bim_handlers.o ABSOLUTE
    app\bim_intc.c                           0x00000000   Number         0  bim_intc.o ABSOLUTE
    app\bim_uart.c                           0x00000000   Number         0  bim_uart.o ABSOLUTE
    app\bim_updataImage.c                    0x00000000   Number         0  bim_updataimage.o ABSOLUTE
    app\bim_vectors.s                        0x00000000   Number         0  bim_vectors.o ABSOLUTE
    dc.s                                     0x00000000   Number         0  dc.o ABSOLUTE
    Undefined                                0x00000040   ARM Code       0  bim_vectors.o(SYS_BOOT)
    SoftwareInterrupt                        0x00000044   ARM Code       0  bim_vectors.o(SYS_BOOT)
    PrefetchAbort                            0x00000048   ARM Code       0  bim_vectors.o(SYS_BOOT)
    DataAbort                                0x0000004c   ARM Code       0  bim_vectors.o(SYS_BOOT)
    IRQ_Handler                              0x00000050   ARM Code       0  bim_vectors.o(SYS_BOOT)
    FIQ_Handler                              0x0000006c   ARM Code       0  bim_vectors.o(SYS_BOOT)
    sys_reserved                             0x00000070   ARM Code       0  bim_vectors.o(SYS_BOOT)
    SYS_BOOT                                 0x00000074   Section      500  bim_handlers.o(SYS_BOOT)
    .text                                    0x00000268   Section        0  memcpya.o(.text)
    .text                                    0x0000028c   Section        0  memcmp.o(.text)
    i.DataAbort_Exception                    0x000002b0   Section        0  bim_intc.o(i.DataAbort_Exception)
    i.Irq_Exception                          0x000002b8   Section        0  bim_intc.o(i.Irq_Exception)
    i.PrefetchAbort_Exception                0x000002e0   Section        0  bim_intc.o(i.PrefetchAbort_Exception)
    i.Reserved_Exception                     0x000002f0   Section        0  bim_intc.o(i.Reserved_Exception)
    i.SoftwareInterrupt_Exception            0x00000300   Section        0  bim_intc.o(i.SoftwareInterrupt_Exception)
    i.Undefined_Exception                    0x00000310   Section        0  bim_intc.o(i.Undefined_Exception)
    i.bim_check_backup_sec_status            0x00000318   Section        0  bim_updataimage.o(i.bim_check_backup_sec_status)
    i.bim_check_image_sec_status             0x000003e8   Section        0  bim_updataimage.o(i.bim_check_image_sec_status)
    i.bim_erase_backup_sec                   0x0000051c   Section        0  bim_updataimage.o(i.bim_erase_backup_sec)
    i.bim_erase_image_sec                    0x00000580   Section        0  bim_updataimage.o(i.bim_erase_image_sec)
    i.bim_flash_clearKey                     0x0000062c   Section        0  bim_flash.o(i.bim_flash_clearKey)
    bim_flash_clearKey                       0x0000062d   Thumb Code    10  bim_flash.o(i.bim_flash_clearKey)
    i.bim_flash_erase_sector                 0x0000063c   Section        0  bim_flash.o(i.bim_flash_erase_sector)
    i.bim_flash_init                         0x00000670   Section        0  bim_flash.o(i.bim_flash_init)
    i.bim_flash_read                         0x0000068c   Section        0  bim_flash.o(i.bim_flash_read)
    i.bim_flash_readword                     0x000006f8   Section        0  bim_flash.o(i.bim_flash_readword)
    i.bim_flash_start                        0x00000730   Section        0  bim_flash.o(i.bim_flash_start)
    bim_flash_start                          0x00000731   Thumb Code    12  bim_flash.o(i.bim_flash_start)
    i.bim_flash_status                       0x00000740   Section        0  bim_flash.o(i.bim_flash_status)
    bim_flash_status                         0x00000741   Thumb Code    10  bim_flash.o(i.bim_flash_status)
    i.bim_flash_unlock                       0x00000750   Section        0  bim_flash.o(i.bim_flash_unlock)
    bim_flash_unlock                         0x00000751   Thumb Code    12  bim_flash.o(i.bim_flash_unlock)
    i.bim_flash_write                        0x00000760   Section        0  bim_flash.o(i.bim_flash_write)
    i.bim_flash_writeKey                     0x000007d4   Section        0  bim_flash.o(i.bim_flash_writeKey)
    bim_flash_writeKey                       0x000007d5   Thumb Code    12  bim_flash.o(i.bim_flash_writeKey)
    i.bim_flash_writeword                    0x000007ec   Section        0  bim_flash.o(i.bim_flash_writeword)
    i.bim_get_psec_backup_header             0x00000824   Section        0  bim_updataimage.o(i.bim_get_psec_backup_header)
    i.bim_get_psec_image_header              0x00000874   Section        0  bim_updataimage.o(i.bim_get_psec_image_header)
    i.bim_icu_init                           0x000008e8   Section        0  bim_app.o(i.bim_icu_init)
    i.bim_main                               0x00000930   Section        0  bim_app.o(i.bim_main)
    i.bim_printf                             0x00000962   Section        0  bim_uart.o(i.bim_printf)
    i.bim_select_sec                         0x00000964   Section        0  bim_updataimage.o(i.bim_select_sec)
    i.bim_uart_isr                           0x00000a30   Section        0  bim_uart.o(i.bim_uart_isr)
    i.bim_uart_printf_null                   0x00000a74   Section        0  bim_uart.o(i.bim_uart_printf_null)
    i.bim_uart_write                         0x00000a78   Section        0  bim_uart.o(i.bim_uart_write)
    i.bim_updata_backup_to_image_sec         0x00000a7c   Section        0  bim_updataimage.o(i.bim_updata_backup_to_image_sec)
    i.bim_wdt_enable                         0x00000b54   Section        0  bim_flash.o(i.bim_wdt_enable)
    i.calc_backup_sec_crc                    0x00000b78   Section        0  bim_updataimage.o(i.calc_backup_sec_crc)
    i.calc_image_sec_crc                     0x00000ce8   Section        0  bim_updataimage.o(i.calc_image_sec_crc)
    i.make_crc32                             0x00000e34   Section        0  bim_uart.o(i.make_crc32)
    i.make_crc32_table                       0x00000e54   Section        0  bim_uart.o(i.make_crc32_table)
    i.updata_memset32                        0x00000e88   Section        0  bim_app.o(i.updata_memset32)
    .constdata                               0x00000e96   Section       39  bim_updataimage.o(.constdata)
    __func__                                 0x00000e96   Data          19  bim_updataimage.o(.constdata)
    __func__                                 0x00000ea9   Data          20  bim_updataimage.o(.constdata)
    [Anonymous Symbol]                       0x00012b20   ARM Code       0  bim_vectors.o ABSOLUTE
    [Anonymous Symbol]                       0x00012b40   ARM Code       0  bim_vectors.o ABSOLUTE
    .data                                    0x00400020   Section        2  bim_uart.o(.data)
    .bss                                     0x00400024   Section       12  bim_flash.o(.bss)
    bim_flash_env                            0x00400024   Data          12  bim_flash.o(.bss)
    .bss                                     0x00400030   Section       32  bim_updataimage.o(.bss)
    .bss                                     0x00400050   Section     1536  bim_uart.o(.bss)

    Global Symbols

    Symbol Name                              Value     Ov Type        Size  Object(Section)

    BuildAttributes$$THM_ISAv2$ARM_ISAv5$E$P$S$PE$A:L22$X:L11$S22$IEEE1$IW$USESV6$~STKCKD$USESV7$~SHL$OSPACE$EBA8$MICROLIB$REQ8$PRES8$EABIv2 0x00000000   Number         0  anon$$obj.o ABSOLUTE
    Image$$RAM_BSS$$Length                   0x00000000   Number         0  anon$$obj.o ABSOLUTE
    vectors                                  0x00000000   ARM Code       0  bim_vectors.o(SYS_BOOT)
    Image$$RAM_DATA$$Length                  0x00000004   Number         0  anon$$obj.o ABSOLUTE
    boot_stack_base_UNUSED                   0x0000007c   Data           4  bim_handlers.o(SYS_BOOT)
    boot_stack_len_UNUSED                    0x00000080   Data           4  bim_handlers.o(SYS_BOOT)
    boot_stack_base_IRQ                      0x00000084   Data           4  bim_handlers.o(SYS_BOOT)
    boot_stack_len_IRQ                       0x00000088   Data           4  bim_handlers.o(SYS_BOOT)
    boot_stack_base_SVC                      0x0000008c   Data           4  bim_handlers.o(SYS_BOOT)
    boot_stack_len_SVC                       0x00000090   Data           4  bim_handlers.o(SYS_BOOT)
    boot_stack_base_FIQ                      0x00000094   Data           4  bim_handlers.o(SYS_BOOT)
    boot_stack_len_FIQ                       0x00000098   Data           4  bim_handlers.o(SYS_BOOT)
    sys_Reset                                0x0000009c   ARM Code       0  bim_handlers.o(SYS_BOOT)
    Image$$RAM_STACK_UNUSED$$ZI$$Length      0x00000100   Number         0  anon$$obj.o ABSOLUTE
    Image$$RAM_STACK_FIQ$$ZI$$Length         0x000001f0   Number         0  anon$$obj.o ABSOLUTE
    Image$$RAM_STACK_IRQ$$ZI$$Length         0x000001f0   Number         0  anon$$obj.o ABSOLUTE
    __aeabi_memcpy                           0x00000269   Thumb Code    36  memcpya.o(.text)
    __aeabi_memcpy4                          0x00000269   Thumb Code     0  memcpya.o(.text)
    __aeabi_memcpy8                          0x00000269   Thumb Code     0  memcpya.o(.text)
    memcmp                                   0x0000028d   Thumb Code    26  memcmp.o(.text)
    Inline ARM to Thumb Veneer to DataAbort_Exception 0x000002a8   ARM Code       8  bim_intc.o(i.DataAbort_Exception)
    DataAbort_Exception                      0x000002b1   Thumb Code     8  bim_intc.o(i.DataAbort_Exception)
    Irq_Exception                            0x000002b8   ARM Code      32  bim_intc.o(i.Irq_Exception)
    Inline ARM to Thumb Veneer to PrefetchAbort_Exception 0x000002d8   ARM Code       8  bim_intc.o(i.PrefetchAbort_Exception)
    PrefetchAbort_Exception                  0x000002e1   Thumb Code     8  bim_intc.o(i.PrefetchAbort_Exception)
    Inline ARM to Thumb Veneer to Reserved_Exception 0x000002e8   ARM Code       8  bim_intc.o(i.Reserved_Exception)
    Image$$RAM_STACK_SVC$$ZI$$Length         0x000002f0   Number         0  anon$$obj.o ABSOLUTE
    Reserved_Exception                       0x000002f1   Thumb Code     8  bim_intc.o(i.Reserved_Exception)
    Inline ARM to Thumb Veneer to SoftwareInterrupt_Exception 0x000002f8   ARM Code       8  bim_intc.o(i.SoftwareInterrupt_Exception)
    SoftwareInterrupt_Exception              0x00000301   Thumb Code     8  bim_intc.o(i.SoftwareInterrupt_Exception)
    Inline ARM to Thumb Veneer to Undefined_Exception 0x00000308   ARM Code       8  bim_intc.o(i.Undefined_Exception)
    Undefined_Exception                      0x00000311   Thumb Code     8  bim_intc.o(i.Undefined_Exception)
    bim_check_backup_sec_status              0x00000319   Thumb Code   114  bim_updataimage.o(i.bim_check_backup_sec_status)
    bim_check_image_sec_status               0x000003e9   Thumb Code   194  bim_updataimage.o(i.bim_check_image_sec_status)
    bim_erase_backup_sec                     0x0000051d   Thumb Code    46  bim_updataimage.o(i.bim_erase_backup_sec)
    bim_erase_image_sec                      0x00000581   Thumb Code    62  bim_updataimage.o(i.bim_erase_image_sec)
    Image$$RAM_BSS$$ZI$$Length               0x0000062c   Number         0  anon$$obj.o ABSOLUTE
    bim_flash_erase_sector                   0x0000063d   Thumb Code    48  bim_flash.o(i.bim_flash_erase_sector)
    bim_flash_init                           0x00000671   Thumb Code    24  bim_flash.o(i.bim_flash_init)
    bim_flash_read                           0x0000068d   Thumb Code   102  bim_flash.o(i.bim_flash_read)
    bim_flash_readword                       0x000006f9   Thumb Code    50  bim_flash.o(i.bim_flash_readword)
    bim_flash_write                          0x00000761   Thumb Code   110  bim_flash.o(i.bim_flash_write)
    bim_flash_writeword                      0x000007ed   Thumb Code    50  bim_flash.o(i.bim_flash_writeword)
    bim_get_psec_backup_header               0x00000825   Thumb Code    30  bim_updataimage.o(i.bim_get_psec_backup_header)
    bim_get_psec_image_header                0x00000875   Thumb Code    58  bim_updataimage.o(i.bim_get_psec_image_header)
    bim_icu_init                             0x000008e9   Thumb Code    56  bim_app.o(i.bim_icu_init)
    Inline ARM to Thumb Veneer to bim_main   0x00000928   ARM Code       8  bim_app.o(i.bim_main)
    bim_main                                 0x00000931   Thumb Code    50  bim_app.o(i.bim_main)
    bim_printf                               0x00000963   Thumb Code     2  bim_uart.o(i.bim_printf)
    bim_select_sec                           0x00000965   Thumb Code    96  bim_updataimage.o(i.bim_select_sec)
    Inline ARM to Thumb Veneer to bim_uart_isr 0x00000a28   ARM Code       8  bim_uart.o(i.bim_uart_isr)
    bim_uart_isr                             0x00000a31   Thumb Code    56  bim_uart.o(i.bim_uart_isr)
    bim_uart_printf_null                     0x00000a75   Thumb Code     4  bim_uart.o(i.bim_uart_printf_null)
    bim_uart_write                           0x00000a79   Thumb Code     2  bim_uart.o(i.bim_uart_write)
    bim_updata_backup_to_image_sec           0x00000a7d   Thumb Code    98  bim_updataimage.o(i.bim_updata_backup_to_image_sec)
    bim_wdt_enable                           0x00000b55   Thumb Code    30  bim_flash.o(i.bim_wdt_enable)
    calc_backup_sec_crc                      0x00000b79   Thumb Code   186  bim_updataimage.o(i.calc_backup_sec_crc)
    calc_image_sec_crc                       0x00000ce9   Thumb Code   170  bim_updataimage.o(i.calc_image_sec_crc)
    make_crc32                               0x00000e35   Thumb Code    28  bim_uart.o(i.make_crc32)
    make_crc32_table                         0x00000e55   Thumb Code    44  bim_uart.o(i.make_crc32_table)
    updata_memset32                          0x00000e89   Thumb Code    14  bim_app.o(i.updata_memset32)
    Load$$RAM_DATA$$Base                     0x00000ec0   Number         0  anon$$obj.o ABSOLUTE
    Image$$RAM_DATA$$Base                    0x00400020   Number         0  anon$$obj.o ABSOLUTE
    uart_buff_write                          0x00400020   Data           2  bim_uart.o(.data)
    Image$$RAM_BSS$$Base                     0x00400024   Number         0  anon$$obj.o ABSOLUTE
    hdr_img                                  0x00400030   Data          16  bim_updataimage.o(.bss)
    hdr_back                                 0x00400040   Data          16  bim_updataimage.o(.bss)
    bim_uart_rx_buf                          0x00400050   Data         512  bim_uart.o(.bss)
    crc32_table                              0x00400250   Data        1024  bim_uart.o(.bss)
    Image$$RAM_STACK_UNUSED$$Base            0x0040372c   Number         0  anon$$obj.o ABSOLUTE
    Image$$RAM_STACK_SVC$$Base               0x0040392c   Number         0  anon$$obj.o ABSOLUTE
    Image$$RAM_STACK_IRQ$$Base               0x00403c1c   Number         0  anon$$obj.o ABSOLUTE
    Image$$RAM_STACK_FIQ$$Base               0x00403e0c   Number         0  anon$$obj.o ABSOLUTE



==============================================================================

Memory Map of the image

  Image Entry point : 0x0000009c

  Load Region SECTIONS (Base: 0x00000000, Size: 0x00000ec4, Max: 0xffffffff, ABSOLUTE)

    Execution Region ROM_SYS (Exec base: 0x00000000, Load base: 0x00000000, Size: 0x00000268, Max: 0xffffffff, ABSOLUTE)

    Exec Addr    Load Addr    Size         Type   Attr      Idx    E Section Name        Object

    0x00000000   0x00000000   0x00000074   Code   RO          104  * SYS_BOOT            bim_vectors.o
    0x00000074   0x00000074   0x000001f4   Code   RO          108  * SYS_BOOT            bim_handlers.o


    Execution Region ROM (Exec base: 0x00000268, Load base: 0x00000268, Size: 0x00000c58, Max: 0xffffffff, ABSOLUTE)

    Exec Addr    Load Addr    Size         Type   Attr      Idx    E Section Name        Object

    0x00000268   0x00000268   0x00000024   Code   RO          396    .text               mc_5.l(memcpya.o)
    0x0000028c   0x0000028c   0x0000001a   Code   RO          400    .text               mc_5.l(memcmp.o)
    0x000002a6   0x000002a6   0x00000002   PAD
    0x000002a8   0x000002a8   0x00000008   Ven    RO           53    i.DataAbort_Exception  bim_intc.o
    0x000002b0   0x000002b0   0x00000008   Code   RO           53    i.DataAbort_Exception  bim_intc.o
    0x000002b8   0x000002b8   0x00000020   Code   RO           54    i.Irq_Exception     bim_intc.o
    0x000002d8   0x000002d8   0x00000008   Ven    RO           55    i.PrefetchAbort_Exception  bim_intc.o
    0x000002e0   0x000002e0   0x00000008   Code   RO           55    i.PrefetchAbort_Exception  bim_intc.o
    0x000002e8   0x000002e8   0x00000008   Ven    RO           56    i.Reserved_Exception  bim_intc.o
    0x000002f0   0x000002f0   0x00000008   Code   RO           56    i.Reserved_Exception  bim_intc.o
    0x000002f8   0x000002f8   0x00000008   Ven    RO           57    i.SoftwareInterrupt_Exception  bim_intc.o
    0x00000300   0x00000300   0x00000008   Code   RO           57    i.SoftwareInterrupt_Exception  bim_intc.o
    0x00000308   0x00000308   0x00000008   Ven    RO           58    i.Undefined_Exception  bim_intc.o
    0x00000310   0x00000310   0x00000008   Code   RO           58    i.Undefined_Exception  bim_intc.o
    0x00000318   0x00000318   0x000000d0   Code   RO          198    i.bim_check_backup_sec_status  bim_updataimage.o
    0x000003e8   0x000003e8   0x00000134   Code   RO          199    i.bim_check_image_sec_status  bim_updataimage.o
    0x0000051c   0x0000051c   0x00000064   Code   RO          200    i.bim_erase_backup_sec  bim_updataimage.o
    0x00000580   0x00000580   0x000000ac   Code   RO          201    i.bim_erase_image_sec  bim_updataimage.o
    0x0000062c   0x0000062c   0x00000010   Code   RO          111    i.bim_flash_clearKey  bim_flash.o
    0x0000063c   0x0000063c   0x00000034   Code   RO          113    i.bim_flash_erase_sector  bim_flash.o
    0x00000670   0x00000670   0x0000001c   Code   RO          114    i.bim_flash_init    bim_flash.o
    0x0000068c   0x0000068c   0x0000006c   Code   RO          115    i.bim_flash_read    bim_flash.o
    0x000006f8   0x000006f8   0x00000038   Code   RO          116    i.bim_flash_readword  bim_flash.o
    0x00000730   0x00000730   0x00000010   Code   RO          117    i.bim_flash_start   bim_flash.o
    0x00000740   0x00000740   0x00000010   Code   RO          118    i.bim_flash_status  bim_flash.o
    0x00000750   0x00000750   0x00000010   Code   RO          119    i.bim_flash_unlock  bim_flash.o
    0x00000760   0x00000760   0x00000074   Code   RO          120    i.bim_flash_write   bim_flash.o
    0x000007d4   0x000007d4   0x00000018   Code   RO          121    i.bim_flash_writeKey  bim_flash.o
    0x000007ec   0x000007ec   0x00000038   Code   RO          122    i.bim_flash_writeword  bim_flash.o
    0x00000824   0x00000824   0x00000050   Code   RO          202    i.bim_get_psec_backup_header  bim_updataimage.o
    0x00000874   0x00000874   0x00000074   Code   RO          203    i.bim_get_psec_image_header  bim_updataimage.o
    0x000008e8   0x000008e8   0x00000040   Code   RO            6    i.bim_icu_init      bim_app.o
    0x00000928   0x00000928   0x00000008   Ven    RO            7    i.bim_main          bim_app.o
    0x00000930   0x00000930   0x00000032   Code   RO            7    i.bim_main          bim_app.o
    0x00000962   0x00000962   0x00000002   Code   RO          269    i.bim_printf        bim_uart.o
    0x00000964   0x00000964   0x000000c4   Code   RO          204    i.bim_select_sec    bim_updataimage.o
    0x00000a28   0x00000a28   0x00000008   Ven    RO          273    i.bim_uart_isr      bim_uart.o
    0x00000a30   0x00000a30   0x00000044   Code   RO          273    i.bim_uart_isr      bim_uart.o
    0x00000a74   0x00000a74   0x00000004   Code   RO          275    i.bim_uart_printf_null  bim_uart.o
    0x00000a78   0x00000a78   0x00000002   Code   RO          278    i.bim_uart_write    bim_uart.o
    0x00000a7a   0x00000a7a   0x00000002   PAD
    0x00000a7c   0x00000a7c   0x000000d8   Code   RO          205    i.bim_updata_backup_to_image_sec  bim_updataimage.o
    0x00000b54   0x00000b54   0x00000024   Code   RO          124    i.bim_wdt_enable    bim_flash.o
    0x00000b78   0x00000b78   0x00000170   Code   RO          206    i.calc_backup_sec_crc  bim_updataimage.o
    0x00000ce8   0x00000ce8   0x0000014c   Code   RO          207    i.calc_image_sec_crc  bim_updataimage.o
    0x00000e34   0x00000e34   0x00000020   Code   RO          280    i.make_crc32        bim_uart.o
    0x00000e54   0x00000e54   0x00000034   Code   RO          281    i.make_crc32_table  bim_uart.o
    0x00000e88   0x00000e88   0x0000000e   Code   RO            8    i.updata_memset32   bim_app.o
    0x00000e96   0x00000e96   0x00000027   Data   RO          209    .constdata          bim_updataimage.o


    Execution Region PEND_FOR_FLASH (Exec base: 0x00400000, Load base: 0x00000ec0, Size: 0x00000020, Max: 0x00000020, ABSOLUTE)

    Exec Addr    Load Addr    Size         Type   Attr      Idx    E Section Name        Object

    0x00400000        -       0x00000020   Zero   RW            1    PEND_FOR_FLASH.bss  anon$$obj.o


    Execution Region RAM_DATA (Exec base: 0x00400020, Load base: 0x00000ec0, Size: 0x00000004, Max: 0xffffffff, ABSOLUTE)

    Exec Addr    Load Addr    Size         Type   Attr      Idx    E Section Name        Object

    0x00400020   0x00000ec0   0x00000002   Data   RW          289    .data               bim_uart.o


    Execution Region RAM_BSS (Exec base: 0x00400024, Load base: 0x00000ec4, Size: 0x0000062c, Max: 0xffffffff, ABSOLUTE)

    Exec Addr    Load Addr    Size         Type   Attr      Idx    E Section Name        Object

    0x00400024        -       0x0000000c   Zero   RW          125    .bss                bim_flash.o
    0x00400030        -       0x00000020   Zero   RW          208    .bss                bim_updataimage.o
    0x00400050        -       0x00000600   Zero   RW          283    .bss                bim_uart.o


    Execution Region RAM_STACK_UNUSED (Exec base: 0x0040372c, Load base: 0x00000ec4, Size: 0x00000100, Max: 0x00000100, ABSOLUTE)

    Exec Addr    Load Addr    Size         Type   Attr      Idx    E Section Name        Object

    0x0040372c        -       0x00000100   Zero   RW            2    RAM_STACK_UNUSED.bss  anon$$obj.o


    Execution Region RAM_STACK_SVC (Exec base: 0x0040392c, Load base: 0x00000ec4, Size: 0x000002f0, Max: 0x000002f0, ABSOLUTE)

    Exec Addr    Load Addr    Size         Type   Attr      Idx    E Section Name        Object

    0x0040392c        -       0x000002f0   Zero   RW            3    RAM_STACK_SVC.bss   anon$$obj.o


    Execution Region RAM_STACK_IRQ (Exec base: 0x00403c1c, Load base: 0x00000ec4, Size: 0x000001f0, Max: 0x000001f0, ABSOLUTE)

    Exec Addr    Load Addr    Size         Type   Attr      Idx    E Section Name        Object

    0x00403c1c        -       0x000001f0   Zero   RW            4    RAM_STACK_IRQ.bss   anon$$obj.o


    Execution Region RAM_STACK_FIQ (Exec base: 0x00403e0c, Load base: 0x00000ec4, Size: 0x000001f0, Max: 0x000001f0, ABSOLUTE)

    Exec Addr    Load Addr    Size         Type   Attr      Idx    E Section Name        Object

    0x00403e0c        -       0x000001f0   Zero   RW            5    RAM_STACK_FIQ.bss   anon$$obj.o


==============================================================================

Image component sizes


      Code (inc. data)   RO Data    RW Data    ZI Data      Debug   Object Name

       128          8          0          0          0       7808   bim_app.o
       540         70          0          0         12       6689   bim_flash.o
       500         76          0          0          0        284   bim_handlers.o
        72          0          0          0          0       2469   bim_intc.o
       160         24          0          2       1536       5205   bim_uart.o
      2096       1042         39          0         32       7393   bim_updataimage.o
       116         32          0          0          0        300   bim_vectors.o

    ----------------------------------------------------------------------
      3670       1252         42          4       3612      30148   Object Totals
        56          0          0          0       2032          0   (incl. Generated)
         2          0          3          2          0          0   (incl. Padding)

    ----------------------------------------------------------------------

      Code (inc. data)   RO Data    RW Data    ZI Data      Debug   Library Member Name

        26          0          0          0          0         72   memcmp.o
        36          0          0          0          0         60   memcpya.o

    ----------------------------------------------------------------------
        64          0          0          0          0        132   Library Totals
         2          0          0          0          0          0   (incl. Padding)

    ----------------------------------------------------------------------

      Code (inc. data)   RO Data    RW Data    ZI Data      Debug   Library Name

        62          0          0          0          0        132   mc_5.l

    ----------------------------------------------------------------------
        64          0          0          0          0        132   Library Totals

    ----------------------------------------------------------------------

==============================================================================


      Code (inc. data)   RO Data    RW Data    ZI Data      Debug   

      3734       1252         42          4       3612      28828   Grand Totals
      3734       1252         42          4       3612      28828   ELF Image Totals
      3734       1252         42          4          0          0   ROM Totals

==============================================================================

    Total RO  Size (Code + RO Data)                 3776 (   3.69kB)
    Total RW  Size (RW Data + ZI Data)              3616 (   3.53kB)
    Total ROM Size (Code + RO Data + RW Data)       3780 (   3.69kB)

==============================================================================

