<html>
<body>
<pre>
<h1>礦ision Build Log</h1>
<h2>Tool Versions:</h2>
IDE-Version: μVision V5.26.2.0
Copyright (C) 2018 ARM Ltd and ARM Germany GmbH. All rights reserved.
License Information: TY TY, TY, LIC=GE701-CWUW2-XAYDC-7BQTI-A4NUY-Y4SVV
 
Tool Versions:
Toolchain:       MDK-ARM Professional  Version: 5.26.2.0
Toolchain Path:  C:\Keil_v5\ARM\ARMCC\Bin
C Compiler:      Armcc.exe V5.06 update 6 (build 750)
Assembler:       Armasm.exe V5.06 update 6 (build 750)
Linker/Locator:  ArmLink.exe V5.06 update 6 (build 750)
Library Manager: ArmAr.exe V5.06 update 6 (build 750)
Hex Converter:   FromElf.exe V5.06 update 6 (build 750)
CPU DLL:         SARM.DLL V5.26.2.0
Dialog DLL:      DARMP3.DLL
Target DLL:      Segger\JLTAgdi.dll V1.61.0.0
Dialog DLL:      TARMP3.DLL V1.4.0.0
 
<h2>Project:</h2>
D:\work\BK\ble_bk3432_tuya\projects\bim\bk3432.uvproj
Project File Date:  02/06/2020

<h2>Output:</h2>
*** Using Compiler 'V5.06 update 6 (build 750)', folder: 'C:\Keil_v5\ARM\ARMCC\Bin'
Build target 'BK3432_bim'
assembling bim_vectors.s...
assembling bim_handlers.s...
compiling bim_intc.c...
compiling bim_app.c...
compiling bim_uart.c...
compiling bim_flash.c...
compiling bim_updataImage.c...
linking...
Program Size: Code=3734 RO-data=42 RW-data=4 ZI-data=3612  
After Build - User command #1: fromelf --bin --output .\output\bim\bk3432_ble_bim.bin .\obj\bk3432_ble_bim.axf
After Build - User command #2: .\output\encrypt_bim.bat
D:\work\BK\ble_bk3432_tuya\projects\bim>.\output\BinConvert_bim  -oad .\output\bim\bk3432_ble_bim.bin -m 0x2000 -l 0x20000 -e 00000000 00000000 00000000 00000000 
'.\output\BinConvert_bim' 不是内部或外部命令，也不是可运行的程序
或批处理文件。
D:\work\BK\ble_bk3432_tuya\projects\bim>copy .\output\bim\bk3432_ble_bim.bin ..\ble_app_ancs\output\bim 
系统找不到指定的路径。
已复制         0 个文件。
D:\work\BK\ble_bk3432_tuya\projects\bim>copy .\output\bim\bk3432_ble_bim.bin ..\ble_app_gatt\output\bim 
已复制         1 个文件。
D:\work\BK\ble_bk3432_tuya\projects\bim>copy .\output\bim\bk3432_ble_bim.bin ..\ble_app_gatt_128\output\bim 
系统找不到指定的路径。
已复制         0 个文件。
D:\work\BK\ble_bk3432_tuya\projects\bim>copy .\output\bim\bk3432_ble_bim.bin ..\ble_app_gatt_muti_chars\output\bim 
系统找不到指定的路径。
已复制         0 个文件。
D:\work\BK\ble_bk3432_tuya\projects\bim>copy .\output\bim\bk3432_ble_bim.bin ..\ble_app_mouse\output\bim 
系统找不到指定的路径。
已复制         0 个文件。
D:\work\BK\ble_bk3432_tuya\projects\bim>copy .\output\bim\bk3432_ble_bim.bin ..\ble_app_remote\output\bim 
系统找不到指定的路径。
已复制         0 个文件。
D:\work\BK\ble_bk3432_tuya\projects\bim>copy .\output\bim\bk3432_ble_bim.bin ..\ble_app_wechat\output\bim 
系统找不到指定的路径。
已复制         0 个文件。
D:\work\BK\ble_bk3432_tuya\projects\bim>copy .\output\bim\bk3432_ble_bim.bin ..\rf_test\output\bim 
已复制         1 个文件。
".\obj\bk3432_ble_bim.axf" - 0 Error(s), 0 Warning(s).
Build Time Elapsed:  00:00:01
</pre>
</body>
</html>
